[ 2026-06-16 23:15:39,848] 164 numexpr.utils - INFO - NumExpr defaulting to 10 threads.
[ 2026-06-16 23:15:43,297] 28 root - INFO - ========================================================================
[ 2026-06-16 23:15:43,297] 29 root - INFO - AML Fraud Detection - Training pipeline started
[ 2026-06-16 23:15:43,297] 30 root - INFO - ========================================================================
[ 2026-06-16 23:15:43,297] 164 root - INFO - Loading training config (source=env): /Users/pkcha/AML-Fraud-Detection/config/training_config_smoke.yaml
[ 2026-06-16 23:15:43,298] 191 root - INFO - Training config loaded and validated successfully
[ 2026-06-16 23:15:43,298] 192 root - INFO - Resolved config signature: data_source=/Users/pkcha/AML-Fraud-Detection/notebook/data/HI-Small_Trans.csv, target=is_laundering, metric=Recall, output=artifacts_smoketest
[ 2026-06-16 23:15:43,298] 45 root - INFO - Training config loaded (source=env): /Users/pkcha/AML-Fraud-Detection/config/training_config_smoke.yaml
[ 2026-06-16 23:15:43,298] 38 root - INFO - [StageTracker] Stage 'DataIngestion' started at 2026-06-16T23:15:43.298890
[ 2026-06-16 23:15:43,298] 36 root - INFO - DataIngestion initialized with resolved config: source=/Users/pkcha/AML-Fraud-Detection/notebook/data/HI-Small_Trans.csv, sample_size=2000, test_size=0.25
[ 2026-06-16 23:15:43,298] 44 root - INFO - Entered the 'data ingestion' method or component
[ 2026-06-16 23:15:43,298] 47 root - INFO - CSV File Path: /Users/pkcha/AML-Fraud-Detection/notebook/data/HI-Small_Trans.csv
[ 2026-06-16 23:15:43,298] 50 root - INFO - File found: /Users/pkcha/AML-Fraud-Detection/notebook/data/HI-Small_Trans.csv
[ 2026-06-16 23:15:43,360] 67 root - INFO - Read the dataset as DataFrame, shape=(4000, 11)
[ 2026-06-16 23:15:43,363] 82 root - INFO - Sampled 2000 rows from dataset of 4000 rows
[ 2026-06-16 23:15:43,368] 93 root - INFO - Train Test split initiated
[ 2026-06-16 23:15:43,381] 101 root - INFO - Ingestion completed: train=1500, test=500
[ 2026-06-16 23:15:43,381] 50 root - INFO - [StageTracker] Stage 'DataIngestion' completed in 0.083s
[ 2026-06-16 23:15:43,382] 80 root - INFO - Data ingestion done: total=2000, train≈1500, test≈500
[ 2026-06-16 23:15:43,382] 38 root - INFO - [StageTracker] Stage 'DataValidation' started at 2026-06-16T23:15:43.382043
[ 2026-06-16 23:15:43,382] 29 root - INFO - DataValidation initialized
[ 2026-06-16 23:15:43,382] 34 root - INFO - Entered the 'data validation' method or component
[ 2026-06-16 23:15:43,387] 71 root - INFO - Data validation passed: missing_columns=[], null_report={}
[ 2026-06-16 23:15:43,387] 50 root - INFO - [StageTracker] Stage 'DataValidation' completed in 0.005s
[ 2026-06-16 23:15:43,387] 100 root - INFO - Data validation done
[ 2026-06-16 23:15:43,387] 38 root - INFO - [StageTracker] Stage 'DataTransformation' started at 2026-06-16T23:15:43.387250
[ 2026-06-16 23:15:43,387] 51 root - INFO - DataTransformation initialized with resolved config: target=is_laundering, drop=['timestamp', 'date', 'time', 'amount_paid', 'receiving_currency', 'payment_currency', 'from_bank', 'to_bank'], preprocessor_out=/Users/pkcha/AML-Fraud-Detection/artifacts_smoketest/preprocessor.pkl
[ 2026-06-16 23:15:43,387] 102 root - INFO - 
Entered the 'data transformation' method or component
[ 2026-06-16 23:15:43,389] 114 root - INFO - Reading train and test data completed
[ 2026-06-16 23:15:43,389] 75 root - ERROR - [StageTracker] Stage 'DataTransformation' failed after 0.002s: [E9999] 内部错误: [E1003] 数据缺少必需列: is_laundering
[ 2026-06-16 23:15:43,389] 198 root - ERROR - Training pipeline failed: [E9999] 内部错误: [E1003] 数据缺少必需列: is_laundering
Traceback (most recent call last):
  File "/Users/pkcha/AML-Fraud-Detection/aml_fraud_detector/components/data_transformation.py", line 120, in initiate_data_transformation
    raise DataQualityException(
    ...<3 lines>...
    )
aml_fraud_detector.exception.DataQualityException: [E1003] 数据缺少必需列: is_laundering

During handling of the above exception, another exception occurred:

Traceback (most recent call last):
  File "/Users/pkcha/AML-Fraud-Detection/aml_fraud_detector/pipeline/training_pipeline.py", line 112, in run_training_pipeline
    transform_artifact = data_transformation.initiate_data_transformation(
        train_data_path, test_data_path
    )
  File "/Users/pkcha/AML-Fraud-Detection/aml_fraud_detector/components/data_transformation.py", line 227, in initiate_data_transformation
    raise CustomerException(e, sys)
aml_fraud_detector.exception.CustomerException: [E9999] 内部错误: [E1003] 数据缺少必需列: is_laundering
[ 2026-06-16 23:15:43,390] 38 root - INFO - Training summary saved to: /Users/pkcha/AML-Fraud-Detection/artifacts_smoketest/training_summary.json
