[ 2026-06-16 21:52:02,755] 164 numexpr.utils - INFO - NumExpr defaulting to 10 threads.
[ 2026-06-16 21:52:04,085] 63 root - INFO - ApplicationContainer created in inference mode
[ 2026-06-16 21:52:04,085] 77 root - INFO - ========================================================================
[ 2026-06-16 21:52:04,085] 78 root - INFO - Application bootstrap started in inference mode
[ 2026-06-16 21:52:04,085] 79 root - INFO - ========================================================================
[ 2026-06-16 21:52:04,085] 163 root - INFO - Loading training config (source=default_file): /Users/pkcha/AML-Fraud-Detection/config/training_config.yaml
[ 2026-06-16 21:52:04,087] 190 root - INFO - Training config loaded and validated successfully
[ 2026-06-16 21:52:04,087] 191 root - INFO - Resolved config signature: data_source=/Users/pkcha/AML-Fraud-Detection/notebook/data/HI-Small_Trans.csv, target=is_laundering, metric=Recall, output=artifacts
[ 2026-06-16 21:52:04,092] 103 root - ERROR - Application bootstrap completed with status: unhealthy
[ 2026-06-16 21:52:04,092] 108 root - ERROR -   - artifact_manifest: ERROR - [E5005] Manifest 完整性校验失败: data.csv: digest mismatch (expected=sha256:b00f6f3c8fec51bdb0cec34daf88c3befdea15a5db4b75a333f930873a0f9b74, actual=sha256:0829152e3ef10d512e39e49469ede6d57e9cd478bec99c9b281bcdfb2a0ce106); train.csv: digest mismatch (expected=sha256:2d0c8d332863c9201b3304741077202bf5ee30c799aa591287f1f1ef84554690, actual=sha256:8bb4e94faaac3e6b1cd8deee253d883988555f148650b347dfa94c23cbd15e3c); test.csv: digest mismatch (expected=sha256:a35ec22cec7b3b817c947ee65cb700e8ff67eb985664ceb0a4eec7868e93a11e, actual=sha256:88d93a74ded7f2dde77f45434c299adbef410c4c3d5ae64edf3d0f4a060a28c1); preprocessor.pkl: digest mismatch (expected=sha256:ddb1303d7495b290261fdfd06041078941e04d55df2d47a5862984d151aa426d, actual=sha256:46ae8471bfb953bed81640e533fb1813ba3877c750e732e0765fe9d89eaf0449); model.pkl: digest mismatch (expected=sha256:159bbc4426a0e1ba82f069cace413e6fc1a037f05977f996e4c6b5859b352e53, actual=sha256:d3dfc609935fd0cd3de056deaee5f980c58749a6d91a3318ee17887dc5f6c903); training_summary.json: digest mismatch (expected=sha256:fb75ba5995e01b11e8d2eb254becf7487fbab4da697a2625ba0c962bcfd7113a, actual=sha256:f927ffc11f61f2d11b593311bf6b9acb72eb4894794ba3ace215fffa6e68fe80)
[ 2026-06-16 21:52:04,092] 63 root - INFO - ApplicationContainer created in training mode
[ 2026-06-16 21:52:04,092] 77 root - INFO - ========================================================================
[ 2026-06-16 21:52:04,092] 78 root - INFO - Application bootstrap started in training mode
[ 2026-06-16 21:52:04,092] 79 root - INFO - ========================================================================
[ 2026-06-16 21:52:04,092] 163 root - INFO - Loading training config (source=explicit): /Users/pkcha/AML-Fraud-Detection/config/training_config.yaml
[ 2026-06-16 21:52:04,093] 190 root - INFO - Training config loaded and validated successfully
[ 2026-06-16 21:52:04,093] 191 root - INFO - Resolved config signature: data_source=/Users/pkcha/AML-Fraud-Detection/notebook/data/HI-Small_Trans.csv, target=is_laundering, metric=Recall, output=artifacts
[ 2026-06-16 21:52:04,094] 99 root - INFO - ========================================================================
[ 2026-06-16 21:52:04,094] 100 root - INFO - Application bootstrap completed successfully
[ 2026-06-16 21:52:04,094] 101 root - INFO - ========================================================================
[ 2026-06-16 21:52:04,094] 63 root - INFO - ApplicationContainer created in inference mode
[ 2026-06-16 21:52:04,178] 77 root - INFO - ========================================================================
[ 2026-06-16 21:52:04,178] 78 root - INFO - Application bootstrap started in inference mode
[ 2026-06-16 21:52:04,178] 79 root - INFO - ========================================================================
[ 2026-06-16 21:52:04,178] 163 root - INFO - Loading training config (source=default_file): /Users/pkcha/AML-Fraud-Detection/config/training_config.yaml
[ 2026-06-16 21:52:04,180] 190 root - INFO - Training config loaded and validated successfully
[ 2026-06-16 21:52:04,180] 191 root - INFO - Resolved config signature: data_source=/Users/pkcha/AML-Fraud-Detection/notebook/data/HI-Small_Trans.csv, target=is_laundering, metric=Recall, output=artifacts
[ 2026-06-16 21:52:04,181] 103 root - ERROR - Application bootstrap completed with status: unhealthy
[ 2026-06-16 21:52:04,181] 108 root - ERROR -   - artifact_manifest: ERROR - [E5005] Manifest 完整性校验失败: data.csv: digest mismatch (expected=sha256:b00f6f3c8fec51bdb0cec34daf88c3befdea15a5db4b75a333f930873a0f9b74, actual=sha256:0829152e3ef10d512e39e49469ede6d57e9cd478bec99c9b281bcdfb2a0ce106); train.csv: digest mismatch (expected=sha256:2d0c8d332863c9201b3304741077202bf5ee30c799aa591287f1f1ef84554690, actual=sha256:8bb4e94faaac3e6b1cd8deee253d883988555f148650b347dfa94c23cbd15e3c); test.csv: digest mismatch (expected=sha256:a35ec22cec7b3b817c947ee65cb700e8ff67eb985664ceb0a4eec7868e93a11e, actual=sha256:88d93a74ded7f2dde77f45434c299adbef410c4c3d5ae64edf3d0f4a060a28c1); preprocessor.pkl: digest mismatch (expected=sha256:ddb1303d7495b290261fdfd06041078941e04d55df2d47a5862984d151aa426d, actual=sha256:46ae8471bfb953bed81640e533fb1813ba3877c750e732e0765fe9d89eaf0449); model.pkl: digest mismatch (expected=sha256:159bbc4426a0e1ba82f069cace413e6fc1a037f05977f996e4c6b5859b352e53, actual=sha256:d3dfc609935fd0cd3de056deaee5f980c58749a6d91a3318ee17887dc5f6c903); training_summary.json: digest mismatch (expected=sha256:fb75ba5995e01b11e8d2eb254becf7487fbab4da697a2625ba0c962bcfd7113a, actual=sha256:f927ffc11f61f2d11b593311bf6b9acb72eb4894794ba3ace215fffa6e68fe80)
[ 2026-06-16 21:52:04,620] 342 matplotlib - DEBUG - matplotlib data path: /Users/pkcha/.local/lib/python3.13/site-packages/matplotlib/mpl-data
[ 2026-06-16 21:52:04,623] 342 matplotlib - DEBUG - CONFIGDIR=/Users/pkcha/.matplotlib
[ 2026-06-16 21:52:04,624] 1557 matplotlib - DEBUG - interactive is False
[ 2026-06-16 21:52:04,624] 1558 matplotlib - DEBUG - platform is darwin
[ 2026-06-16 21:52:04,652] 342 matplotlib - DEBUG - CACHEDIR=/Users/pkcha/.matplotlib
[ 2026-06-16 21:52:04,654] 1635 matplotlib.font_manager - DEBUG - Using fontManager instance from /Users/pkcha/.matplotlib/fontlist-v390.json
