[ 2026-06-14 23:32:32,574] 58 root - INFO - [Model Config] Using default model config: /Users/pkcha/AML-Fraud-Detection/config/model.yaml
[ 2026-06-14 23:32:32,575] 72 root - INFO - [Data Config] Using dedicated data config: /Users/pkcha/AML-Fraud-Detection/config/data_config.yaml
[ 2026-06-14 23:32:32,575] 82 root - INFO - [Schema] Using default schema: /Users/pkcha/AML-Fraud-Detection/config/schema.yaml
[ 2026-06-14 23:32:32,575] 93 root - INFO - Loaded YAML: /Users/pkcha/AML-Fraud-Detection/config/model.yaml
[ 2026-06-14 23:32:32,575] 93 root - INFO - Loaded YAML: /Users/pkcha/AML-Fraud-Detection/config/data_config.yaml
[ 2026-06-14 23:32:32,576] 93 root - INFO - Loaded YAML: /Users/pkcha/AML-Fraud-Detection/config/schema.yaml
[ 2026-06-14 23:32:32,576] 145 root - INFO - [Source Data] Priority 4 — default bundled data: /Users/pkcha/AML-Fraud-Detection/artifacts/data.csv
[ 2026-06-14 23:32:32,576] 111 root - INFO - [Data Ingestion] Using data_config.yaml data_ingestion block (7 keys)
[ 2026-06-14 23:32:32,576] 174 root - INFO - [DataIngestionConfig] source=/Users/pkcha/AML-Fraud-Detection/artifacts/data.csv, sample_size=50000, split_ratio=0.2
[ 2026-06-14 23:32:32,576] 190 root - INFO - [Schema] Using /Users/pkcha/AML-Fraud-Detection/config/schema.yaml — 11 required columns
[ 2026-06-14 23:32:32,576] 58 root - INFO - [Model Config] Using default model config: /Users/pkcha/AML-Fraud-Detection/config/model.yaml
[ 2026-06-14 23:32:32,576] 72 root - INFO - [Data Config] Using dedicated data config: /Users/pkcha/AML-Fraud-Detection/config/data_config.yaml
[ 2026-06-14 23:32:32,576] 82 root - INFO - [Schema] Using default schema: /Users/pkcha/AML-Fraud-Detection/config/schema.yaml
[ 2026-06-14 23:32:32,576] 93 root - INFO - Loaded YAML: /Users/pkcha/AML-Fraud-Detection/config/model.yaml
[ 2026-06-14 23:32:32,577] 93 root - INFO - Loaded YAML: /Users/pkcha/AML-Fraud-Detection/config/data_config.yaml
[ 2026-06-14 23:32:32,577] 93 root - INFO - Loaded YAML: /Users/pkcha/AML-Fraud-Detection/config/schema.yaml
[ 2026-06-14 23:32:32,594] 51 root - INFO - [Model Config] Using provided model config: /var/folders/5n/5fk0gy756kj43rvymptfpp1r0000gn/T/aml_minimal_u_5htiri/test_model.yaml
[ 2026-06-14 23:32:32,594] 74 root - INFO - [Data Config] No dedicated data config found — will use model.yaml data_ingestion + built-in defaults
[ 2026-06-14 23:32:32,594] 82 root - INFO - [Schema] Using default schema: /Users/pkcha/AML-Fraud-Detection/config/schema.yaml
[ 2026-06-14 23:32:32,595] 93 root - INFO - Loaded YAML: /var/folders/5n/5fk0gy756kj43rvymptfpp1r0000gn/T/aml_minimal_u_5htiri/test_model.yaml
[ 2026-06-14 23:32:32,595] 93 root - INFO - Loaded YAML: /Users/pkcha/AML-Fraud-Detection/config/schema.yaml
[ 2026-06-14 23:32:32,595] 43 root - INFO - [Model Config] Loaded 2 top-level key(s) from model.yaml: ['data_ingestion', 'my_custom_training_params']. Only 'data_ingestion' key (if present) is used for backward compatibility — all other keys are left untouched for user-defined training parameters.
[ 2026-06-14 23:32:32,595] 141 root - INFO - [Source Data] Priority 3 — model.yaml (compat): /var/folders/5n/5fk0gy756kj43rvymptfpp1r0000gn/T/aml_minimal_u_5htiri/p3_model.csv
[ 2026-06-14 23:32:32,595] 114 root - INFO - [Data Ingestion] BACKWARD COMPAT: Using model.yaml data_ingestion block (1 keys) as fallback
[ 2026-06-14 23:32:32,595] 174 root - INFO - [DataIngestionConfig] source=/var/folders/5n/5fk0gy756kj43rvymptfpp1r0000gn/T/aml_minimal_u_5htiri/p3_model.csv, sample_size=50000, split_ratio=0.2
[ 2026-06-14 23:32:32,595] 51 root - INFO - [Model Config] Using provided model config: /var/folders/5n/5fk0gy756kj43rvymptfpp1r0000gn/T/aml_minimal_u_5htiri/test_model.yaml
[ 2026-06-14 23:32:32,595] 65 root - INFO - [Data Config] Using provided data config: /var/folders/5n/5fk0gy756kj43rvymptfpp1r0000gn/T/aml_minimal_u_5htiri/test_dc.yaml
[ 2026-06-14 23:32:32,595] 82 root - INFO - [Schema] Using default schema: /Users/pkcha/AML-Fraud-Detection/config/schema.yaml
[ 2026-06-14 23:32:32,595] 93 root - INFO - Loaded YAML: /var/folders/5n/5fk0gy756kj43rvymptfpp1r0000gn/T/aml_minimal_u_5htiri/test_model.yaml
[ 2026-06-14 23:32:32,596] 93 root - INFO - Loaded YAML: /var/folders/5n/5fk0gy756kj43rvymptfpp1r0000gn/T/aml_minimal_u_5htiri/test_dc.yaml
[ 2026-06-14 23:32:32,596] 93 root - INFO - Loaded YAML: /Users/pkcha/AML-Fraud-Detection/config/schema.yaml
[ 2026-06-14 23:32:32,596] 43 root - INFO - [Model Config] Loaded 2 top-level key(s) from model.yaml: ['data_ingestion', 'my_custom_training_params']. Only 'data_ingestion' key (if present) is used for backward compatibility — all other keys are left untouched for user-defined training parameters.
[ 2026-06-14 23:32:32,596] 133 root - INFO - [Source Data] Priority 2 — data_config.yaml: /var/folders/5n/5fk0gy756kj43rvymptfpp1r0000gn/T/aml_minimal_u_5htiri/p2_dc.csv
[ 2026-06-14 23:32:32,596] 105 root - INFO - [Data Ingestion] Merged data_config.yaml (1 keys) over model.yaml data_ingestion fallback (1 keys)
[ 2026-06-14 23:32:32,596] 174 root - INFO - [DataIngestionConfig] source=/var/folders/5n/5fk0gy756kj43rvymptfpp1r0000gn/T/aml_minimal_u_5htiri/p2_dc.csv, sample_size=50000, split_ratio=0.2
[ 2026-06-14 23:32:32,596] 51 root - INFO - [Model Config] Using provided model config: /var/folders/5n/5fk0gy756kj43rvymptfpp1r0000gn/T/aml_minimal_u_5htiri/test_model.yaml
[ 2026-06-14 23:32:32,596] 65 root - INFO - [Data Config] Using provided data config: /var/folders/5n/5fk0gy756kj43rvymptfpp1r0000gn/T/aml_minimal_u_5htiri/test_dc.yaml
[ 2026-06-14 23:32:32,596] 82 root - INFO - [Schema] Using default schema: /Users/pkcha/AML-Fraud-Detection/config/schema.yaml
[ 2026-06-14 23:32:32,596] 93 root - INFO - Loaded YAML: /var/folders/5n/5fk0gy756kj43rvymptfpp1r0000gn/T/aml_minimal_u_5htiri/test_model.yaml
[ 2026-06-14 23:32:32,597] 93 root - INFO - Loaded YAML: /var/folders/5n/5fk0gy756kj43rvymptfpp1r0000gn/T/aml_minimal_u_5htiri/test_dc.yaml
[ 2026-06-14 23:32:32,597] 93 root - INFO - Loaded YAML: /Users/pkcha/AML-Fraud-Detection/config/schema.yaml
[ 2026-06-14 23:32:32,597] 43 root - INFO - [Model Config] Loaded 2 top-level key(s) from model.yaml: ['data_ingestion', 'my_custom_training_params']. Only 'data_ingestion' key (if present) is used for backward compatibility — all other keys are left untouched for user-defined training parameters.
[ 2026-06-14 23:32:32,597] 125 root - INFO - [Source Data] Priority 1 — AML_DATA_PATH env var: /var/folders/5n/5fk0gy756kj43rvymptfpp1r0000gn/T/aml_minimal_u_5htiri/p1_env.csv
[ 2026-06-14 23:32:32,597] 105 root - INFO - [Data Ingestion] Merged data_config.yaml (1 keys) over model.yaml data_ingestion fallback (1 keys)
[ 2026-06-14 23:32:32,597] 174 root - INFO - [DataIngestionConfig] source=/var/folders/5n/5fk0gy756kj43rvymptfpp1r0000gn/T/aml_minimal_u_5htiri/p1_env.csv, sample_size=50000, split_ratio=0.2
[ 2026-06-14 23:32:32,598] 58 root - INFO - [Model Config] Using default model config: /Users/pkcha/AML-Fraud-Detection/config/model.yaml
[ 2026-06-14 23:32:32,598] 72 root - INFO - [Data Config] Using dedicated data config: /Users/pkcha/AML-Fraud-Detection/config/data_config.yaml
[ 2026-06-14 23:32:32,598] 82 root - INFO - [Schema] Using default schema: /Users/pkcha/AML-Fraud-Detection/config/schema.yaml
[ 2026-06-14 23:32:32,598] 93 root - INFO - Loaded YAML: /Users/pkcha/AML-Fraud-Detection/config/model.yaml
[ 2026-06-14 23:32:32,599] 93 root - INFO - Loaded YAML: /Users/pkcha/AML-Fraud-Detection/config/data_config.yaml
[ 2026-06-14 23:32:32,599] 93 root - INFO - Loaded YAML: /Users/pkcha/AML-Fraud-Detection/config/schema.yaml
[ 2026-06-14 23:32:32,599] 190 root - INFO - [Schema] Using /Users/pkcha/AML-Fraud-Detection/config/schema.yaml — 11 required columns
[ 2026-06-14 23:32:32,599] 131 root - INFO - ============================================================
[ 2026-06-14 23:32:32,599] 132 root - INFO - Starting data validation for: /var/folders/5n/5fk0gy756kj43rvymptfpp1r0000gn/T/aml_minimal_u_5htiri/bad.csv
[ 2026-06-14 23:32:32,599] 133 root - INFO - ============================================================
[ 2026-06-14 23:32:32,599] 50 root - INFO - Data file size: 124 bytes (0.00 MB)
[ 2026-06-14 23:32:32,599] 153 root - INFO - Reading CSV for validation: /var/folders/5n/5fk0gy756kj43rvymptfpp1r0000gn/T/aml_minimal_u_5htiri/bad.csv
[ 2026-06-14 23:32:32,602] 155 root - INFO - CSV read successfully
[ 2026-06-14 23:32:32,603] 62 root - INFO - DataFrame shape: 10 rows x 3 columns
[ 2026-06-14 23:32:32,603] 74 root - INFO - Actual columns in DataFrame (3): ['Timestamp', 'Account', 'Amount Received']
[ 2026-06-14 23:32:32,603] 75 root - INFO - Required columns (11): ['Timestamp', 'From Bank', 'Account', 'To Bank', 'Account.1', 'Amount Received', 'Receiving Currency', 'Amount Paid', 'Payment Currency', 'Payment Format', 'Is Laundering']
[ 2026-06-14 23:32:32,603] 193 root - ERROR - [VALIDATION ERROR] Missing 8 required column(s): ['From Bank', 'To Bank', 'Account.1', 'Receiving Currency', 'Amount Paid', 'Payment Currency', 'Payment Format', 'Is Laundering']. DataFrame has columns: ['Timestamp', 'Account', 'Amount Received']
[ 2026-06-14 23:32:32,603] 131 root - INFO - ============================================================
[ 2026-06-14 23:32:32,603] 132 root - INFO - Starting data validation for: /var/folders/5n/5fk0gy756kj43rvymptfpp1r0000gn/T/aml_minimal_u_5htiri/empty.csv
[ 2026-06-14 23:32:32,603] 133 root - INFO - ============================================================
[ 2026-06-14 23:32:32,603] 50 root - INFO - Data file size: 0 bytes (0.00 MB)
[ 2026-06-14 23:32:32,603] 142 root - ERROR - [VALIDATION ERROR] Data file is empty (0 bytes): /var/folders/5n/5fk0gy756kj43rvymptfpp1r0000gn/T/aml_minimal_u_5htiri/empty.csv
