Error processing line 1 of /Users/pkcha/.local/lib/python3.13/site-packages/autogluon_common-1.5.1b20260503-nspkg.pth:

  Traceback (most recent call last):
    File "<frozen site>", line 207, in addpackage
    File "<string>", line 1, in <module>
    File "<frozen importlib._bootstrap>", line 810, in module_from_spec
  AttributeError: 'NoneType' object has no attribute 'loader'

Remainder of file ignored
Error processing line 1 of /Users/pkcha/.local/lib/python3.13/site-packages/autogluon_core-1.5.1b20260503-nspkg.pth:

  Traceback (most recent call last):
    File "<frozen site>", line 207, in addpackage
    File "<string>", line 1, in <module>
    File "<frozen importlib._bootstrap>", line 810, in module_from_spec
  AttributeError: 'NoneType' object has no attribute 'loader'

Remainder of file ignored
Error processing line 1 of /Users/pkcha/.local/lib/python3.13/site-packages/autogluon_features-1.5.1b20260503-nspkg.pth:

  Traceback (most recent call last):
    File "<frozen site>", line 207, in addpackage
    File "<string>", line 1, in <module>
    File "<frozen importlib._bootstrap>", line 810, in module_from_spec
  AttributeError: 'NoneType' object has no attribute 'loader'

Remainder of file ignored
Error processing line 1 of /Users/pkcha/.local/lib/python3.13/site-packages/autogluon_tabular-1.5.1b20260503-nspkg.pth:

  Traceback (most recent call last):
    File "<frozen site>", line 207, in addpackage
    File "<string>", line 1, in <module>
    File "<frozen importlib._bootstrap>", line 810, in module_from_spec
  AttributeError: 'NoneType' object has no attribute 'loader'

Remainder of file ignored
========================================================================
STEP 1: ResponseBuilder 三构建方法 + 三消费方法
========================================================================
  ✓ build_single()
  ✓ build_batch()
  ✓ build_validation_only()
  ✓ ResponseBuilder.flatten_for_display()
  ✓ ResponseBuilder.batch_to_dataframe()
  ✓ ResponseBuilder.to_dict()
  ✓ build_single() → UnifiedViewModel
  ✓ build_validation_only() → UnifiedViewModel
  ✓ build_batch() → UnifiedViewModel
[32m[PASS][0m 三构建方法统一返回 UnifiedViewModel

========================================================================
STEP 2: 三个入口 display dict 中模型/校验字段名完全一致
========================================================================
  模型版本字段 (6): model_version, model_name, training_time, selection_metric, best_metric_value, feature_contract_version
  校验告警字段 (5): validation_valid, validation_errors, validation_warnings, validation_details, has_alerts
[32m[PASS][0m 单条/批量/仅校验 的模型版本与校验字段名完全一致

========================================================================
STEP 3: 单条/批量特有字段正确填充
========================================================================
  单条特有字段: is_error, error_reason, prediction_code, prediction_label, fraud_probability, legit_probability, risk_level, risk_summary, risk_contributors, transaction_id, process_status
  批量特有字段: batch_total, batch_fraud, batch_legit, batch_fraud_rate, batch_is_error, batch_error_reason
  batch_to_dataframe → shape (3, 11) 11 cols 全部就位
[32m[PASS][0m 特有字段正确，派生字段为布尔/字符串

========================================================================
STEP 4: Flask 两条路由都消费 ResponseBuilder
========================================================================
  ✓ /predictdata route
  ✓ /batchprediction route
  _builder.build_ 调用次数: 6 (validation_only, single, validation_only, validation_only, validation_only, batch)
  flatten_for_display 调用次数: 6
[32m[PASS][0m Flask 两条路径都调用 ResponseBuilder + flatten_for_display

========================================================================
STEP 5: Flask 两个模板只消费 display / batch_df（无业务判断）
========================================================================
  home.html: 20 display.xxx 引用
  home.html: 无 ProcessStatus/RiskLevel 业务判断 ✓
  batch.html: 16 display.xxx 引用
  batch.html: 无 ProcessStatus/RiskLevel 业务判断 ✓
[32m[PASS][0m 两个模板都只通过 display 字典访问

========================================================================
STEP 6: Streamlit 单条 + 批量都走 ResponseBuilder
========================================================================
  _builder.build_ 调用次数: 3 (validation_only, single, batch)
  flatten_for_display 调用次数: 3
  batch_to_dataframe 调用次数: 1
  ✓ _render_model()
  ✓ _render_validation()
  ✓ _render_single()
  ✓ _render_batch()
[32m[PASS][0m Streamlit 两条路径都消费 ResponseBuilder

========================================================================
STEP 7: 集成模拟 — Flask 单条 & 批量完整流程
========================================================================
  单条预测 ✓
  批量预测 ✓  (3 rows, transaction_id 保留, risk_level/risk_summary 齐全)
  仅校验模式 ✓

========================================================================
[32m[PASS][0m ALL 7 CHECKS PASSED
========================================================================

  Entity 层    : 数据契约（dataclass + enum）
  Pipeline 层  : 推理 / 校验 / 解释 / 批量聚合
  Builder 层   : 单一入口 build_single/build_batch/build_validation_only
               + 单一消费 flatten_for_display/batch_to_dataframe/to_dict
  页面层       : Flask (home.html + batch.html) + Streamlit
                 全部只读 flatten_for_display / batch_to_dataframe 结果

