[ 2026-06-15 13:15:53,122] 164 numexpr.utils - INFO - NumExpr defaulting to 10 threads.
[ 2026-06-15 13:15:55,535] 19 root - INFO - ========================================================================
[ 2026-06-15 13:15:55,535] 20 root - INFO - AML Fraud Detection - Training pipeline started
[ 2026-06-15 13:15:55,535] 21 root - INFO - ========================================================================
[ 2026-06-15 13:15:55,535] 159 root - INFO - Loading training config (source=explicit): /Users/pkcha/AML-Fraud-Detection/config/training_config_smoke.yaml
[ 2026-06-15 13:15:55,536] 100 root - INFO - Env override: data.test_size = 0.25 -> 0.33 (from AML_TRAIN_DATA_TEST_SIZE='0.33')
[ 2026-06-15 13:15:55,536] 100 root - INFO - Env override: models.selection_metric = 'Recall' -> 'F1' (from AML_TRAIN_MODEL_METRIC='F1')
[ 2026-06-15 13:15:55,536] 100 root - INFO - Env override: models.enabled.AdaBoost = True -> False (from AML_TRAIN_MODEL_AB_ENABLED='false')
[ 2026-06-15 13:15:55,536] 100 root - INFO - Env override: models.enabled.GradientBoosting = False -> True (from AML_TRAIN_MODEL_GB_ENABLED='true')
[ 2026-06-15 13:15:55,536] 100 root - INFO - Env override: output.artifacts_dir = 'artifacts_smoketest' -> 'artifacts_smoketest' (from AML_TRAIN_OUTPUT_DIR='artifacts_smoketest')
[ 2026-06-15 13:15:55,536] 186 root - INFO - Training config loaded and validated successfully
[ 2026-06-15 13:15:55,536] 187 root - INFO - Resolved config signature: data_source=/Users/pkcha/AML-Fraud-Detection/notebook/data/HI-Small_Trans.csv, target=is_laundering, metric=F1 score, output=artifacts_smoketest
[ 2026-06-15 13:15:55,537] 25 root - INFO - Training config loaded (source=explicit): /Users/pkcha/AML-Fraud-Detection/config/training_config_smoke.yaml
[ 2026-06-15 13:15:55,537] 30 root - INFO - Environment variable overrides applied: ['data.test_size', 'models.selection_metric', 'models.enabled.AdaBoost', 'models.enabled.GradientBoosting', 'output.artifacts_dir']
[ 2026-06-15 13:15:55,537] 31 root - INFO - DataIngestion initialized with resolved config: source=/Users/pkcha/AML-Fraud-Detection/notebook/data/HI-Small_Trans.csv, sample_size=2000, test_size=0.33
[ 2026-06-15 13:15:55,537] 39 root - INFO - Entered the 'data ingestion' method or component
[ 2026-06-15 13:15:55,537] 42 root - INFO - CSV File Path: /Users/pkcha/AML-Fraud-Detection/notebook/data/HI-Small_Trans.csv
[ 2026-06-15 13:15:55,537] 45 root - INFO - File found: /Users/pkcha/AML-Fraud-Detection/notebook/data/HI-Small_Trans.csv
[ 2026-06-15 13:15:55,552] 52 root - INFO - Read the dataset as DataFrame, shape=(4000, 11)
[ 2026-06-15 13:15:55,553] 60 root - INFO - Sampled 2000 rows from dataset of 4000 rows
[ 2026-06-15 13:15:55,557] 71 root - INFO - Train Test split initiated
[ 2026-06-15 13:15:55,563] 79 root - INFO - Ingestion completed: train=1340, test=660
[ 2026-06-15 13:15:55,563] 50 root - INFO - Data ingestion done: total=2000, train≈1339, test≈660
[ 2026-06-15 13:15:55,563] 45 root - INFO - DataTransformation initialized with resolved config: target=is_laundering, drop=['timestamp', 'date', 'time', 'amount_paid', 'receiving_currency', 'payment_currency', 'from_bank', 'to_bank'], preprocessor_out=/Users/pkcha/AML-Fraud-Detection/artifacts_smoketest/preprocessor.pkl
[ 2026-06-15 13:15:55,563] 96 root - INFO - 
Entered the 'data transformation' method or component
[ 2026-06-15 13:15:55,565] 100 root - INFO - Reading train and test data completed
[ 2026-06-15 13:15:55,567] 104 root - INFO - Train and Test dataframe columns name renamed
[ 2026-06-15 13:15:55,568] 106 root - INFO - Train Dataframe Head : 
             timestamp  from_bank    account  to_bank   account_1  amount_received receiving_currency  amount_paid payment_currency payment_format  is_laundering
0  2022-01-01 08:58:00         10  ACC_00168       37  ACC2_00044           942.67               Euro       605.26             Yuan         Cheque              0
1  2022-01-01 13:14:00         45  ACC_00031       12  ACC2_00154           373.51               Euro      2285.46             Euro         Cheque              0
2  2022-01-01 20:22:00         10  ACC_00034       10  ACC2_00029           396.40          US Dollar      2585.54             Euro           Wire              0
3  2022-01-03 11:44:00         38  ACC_00117       37  ACC2_00133           454.96               Yuan      5670.57             Euro   Reinvestment              0
4  2022-01-01 06:22:00         49  ACC_00172       34  ACC2_00089          1034.27               Euro       385.80        US Dollar           Wire              1
[ 2026-06-15 13:15:55,568] 107 root - INFO - Test Dataframe Head : 
             timestamp  from_bank    account  to_bank   account_1  amount_received receiving_currency  amount_paid payment_currency payment_format  is_laundering
0  2022-01-01 09:44:00         12  ACC_00144       43  ACC2_00081          1005.64          US Dollar       105.05             Yuan   Reinvestment              0
1  2022-01-01 02:14:00         45  ACC_00036       42  ACC2_00158          1728.51          US Dollar       452.29             Euro            ACH              0
2  2022-01-01 07:15:00         42  ACC_00008       45  ACC2_00033           208.12          US Dollar      1251.77        US Dollar           Wire              0
3  2022-01-02 23:47:00         17  ACC_00115       29  ACC2_00157          1716.02               Euro       867.95             Yuan         Cheque              0
4  2022-01-02 11:38:00         21  ACC_00089       46  ACC2_00053           204.90               Yuan      1419.39        US Dollar    Credit Card              0
[ 2026-06-15 13:15:55,574] 145 root - INFO - Columns name of numerical features: ['amount_received']
[ 2026-06-15 13:15:55,575] 147 root - INFO - Columns name of categorical features: ['account', 'account_1', 'payment_format', 'day']
[ 2026-06-15 13:15:55,575] 150 root - INFO - Obtaining preprocessing object
[ 2026-06-15 13:15:55,575] 87 root - INFO - Preprocessed both numerical and categorical columns
[ 2026-06-15 13:15:55,575] 155 root - INFO - Applying preprocessing object on training and testing datasets.
[ 2026-06-15 13:15:55,590] 174 root - INFO - Saved data preprocessing object
[ 2026-06-15 13:15:55,590] 67 root - INFO - Data transformation done: 5 features (1 num, 4 cat)
[ 2026-06-15 13:15:55,590] 55 root - INFO - ModelTrainer initialized with resolved config: enabled=['Random Forest', 'Gradient Boosting'], metric=F1 score, model_out=/Users/pkcha/AML-Fraud-Detection/artifacts_smoketest/model.pkl
[ 2026-06-15 13:15:55,590] 86 root - INFO - Get Independent features and Dependent feature from Train and Test datasets
[ 2026-06-15 13:15:55,590] 94 root - INFO - Imbalance dataset - upsampling the train data
[ 2026-06-15 13:15:55,590] 64 root - INFO - Before SMOTE: Counter({np.float64(0.0): 1282, np.float64(1.0): 58})
[ 2026-06-15 13:15:55,593] 66 root - INFO - After SMOTE: Counter({np.float64(0.0): 1282, np.float64(1.0): 1282})
[ 2026-06-15 13:15:55,593] 67 root - INFO - Upsampling the minority class data completed
[ 2026-06-15 13:15:55,593] 110 root - INFO - Training candidate models: ['Random Forest', 'Gradient Boosting']
[ 2026-06-15 13:15:55,594] 99 root - INFO - Grid Search started for RandomForestClassifier()
[ 2026-06-15 13:15:57,538] 103 root - INFO - Grid Search completed for RandomForestClassifier()
[ 2026-06-15 13:15:57,538] 106 root - INFO - Best parameters: {'n_estimators': 20} for RandomForestClassifier()
[ 2026-06-15 13:15:57,577] 116 root - INFO - Obtaining evaluation metrics for RandomForestClassifier(n_estimators=20) by using best hyperparameters
[ 2026-06-15 13:15:57,583] 99 root - INFO - Grid Search started for GradientBoostingClassifier()
[ 2026-06-15 13:15:59,235] 103 root - INFO - Grid Search completed for GradientBoostingClassifier()
[ 2026-06-15 13:15:59,235] 106 root - INFO - Best parameters: {} for GradientBoostingClassifier()
[ 2026-06-15 13:15:59,458] 116 root - INFO - Obtaining evaluation metrics for GradientBoostingClassifier() by using best hyperparameters
[ 2026-06-15 13:15:59,464] 137 root - INFO - 
 Metrics calculation on Train Data: 
{'Random Forest': [{'Precision': 0.999219968798752, 'Recall': 0.999219968798752, 'F1 score': 0.999219968798752, 'Confusion Matrix': array([[1281,    1],
       [   1, 1281]])}], 'Gradient Boosting': [{'Precision': 0.9607793984146262, 'Recall': 0.9570982839313572, 'F1 score': 0.9571773925995781, 'Confusion Matrix': array([[1282,  110],
       [   0, 1172]])}]}
[ 2026-06-15 13:15:59,464] 139 root - INFO - 
 Metrics calculation on Test Data: 
{'Random Forest': [{'Precision': 0.972022323395506, 'Recall': 0.9242424242424242, 'F1 score': 0.947530422333572, 'Confusion Matrix': array([[610,  41],
       [  9,   0]])}], 'Gradient Boosting': [{'Precision': 0.996871787340285, 'Recall': 0.9363636363636364, 'F1 score': 0.9656707924313558, 'Confusion Matrix': array([[618,  41],
       [  1,   0]])}]}
[ 2026-06-15 13:15:59,464] 135 root - INFO - Model metrics on Test Data: {'Random Forest': {'Precision': 0.972022323395506, 'Recall': 0.9242424242424242, 'F1 score': 0.947530422333572}, 'Gradient Boosting': {'Precision': 0.996871787340285, 'Recall': 0.9363636363636364, 'F1 score': 0.9656707924313558}}
[ 2026-06-15 13:15:59,464] 136 root - INFO - Selecting best model using metric: F1 score
[ 2026-06-15 13:15:59,464] 142 root - INFO - Models with 'F1 score' score: {'Random Forest': 0.947530422333572, 'Gradient Boosting': 0.9656707924313558}
[ 2026-06-15 13:15:59,464] 149 root - INFO - Best Model: Gradient Boosting with F1 score score: 0.9656707924313558
[ 2026-06-15 13:15:59,479] 174 root - INFO - Model Training completed
[ 2026-06-15 13:15:59,479] 175 root - INFO - Final F1 score score for Gradient Boosting: 0.9656707924313558
[ 2026-06-15 13:15:59,479] 86 root - INFO - Model training done: best='GradientBoosting (Gradient Boosting)', F1 score=0.9657
[ 2026-06-15 13:15:59,480] 32 root - INFO - Training summary saved to: /Users/pkcha/AML-Fraud-Detection/artifacts_smoketest/training_summary.json
[ 2026-06-15 13:15:59,480] 99 root - INFO - ========================================================================
[ 2026-06-15 13:15:59,480] 100 root - INFO - Training pipeline completed successfully
[ 2026-06-15 13:15:59,480] 101 root - INFO - ========================================================================
