[ 2026-06-15 16:54:46,175] 164 numexpr.utils - INFO - NumExpr defaulting to 10 threads.
[ 2026-06-15 16:54:49,184] 129 root - INFO - ========================================================================
[ 2026-06-15 16:54:49,184] 130 root - INFO - AML Fraud Detection - Training pipeline started
[ 2026-06-15 16:54:49,184] 131 root - INFO - ========================================================================
[ 2026-06-15 16:54:49,185] 163 root - INFO - Loading training config (source=default_file): /Users/pkcha/AML-Fraud-Detection/config/training_config.yaml
[ 2026-06-15 16:54:49,187] 100 root - INFO - Env override: data.sample_size = 50000 -> 4000 (from AML_TRAIN_DATA_SAMPLE_SIZE='4000')
[ 2026-06-15 16:54:49,187] 100 root - INFO - Env override: output.artifacts_dir = 'artifacts' -> 'artifacts_test_full' (from AML_TRAIN_OUTPUT_DIR='artifacts_test_full')
[ 2026-06-15 16:54:49,187] 190 root - INFO - Training config loaded and validated successfully
[ 2026-06-15 16:54:49,187] 191 root - INFO - Resolved config signature: data_source=/Users/pkcha/AML-Fraud-Detection/notebook/data/HI-Small_Trans.csv, target=is_laundering, metric=Recall, output=artifacts_test_full
[ 2026-06-15 16:54:49,187] 135 root - INFO - Training config loaded (source=default_file): /Users/pkcha/AML-Fraud-Detection/config/training_config.yaml
[ 2026-06-15 16:54:49,187] 140 root - INFO - Environment variable overrides applied: ['data.sample_size', 'output.artifacts_dir']
[ 2026-06-15 16:54:49,187] 31 root - INFO - DataIngestion initialized with resolved config: source=/Users/pkcha/AML-Fraud-Detection/notebook/data/HI-Small_Trans.csv, sample_size=4000, test_size=0.2
[ 2026-06-15 16:54:49,187] 39 root - INFO - Entered the 'data ingestion' method or component
[ 2026-06-15 16:54:49,187] 42 root - INFO - CSV File Path: /Users/pkcha/AML-Fraud-Detection/notebook/data/HI-Small_Trans.csv
[ 2026-06-15 16:54:49,187] 45 root - INFO - File found: /Users/pkcha/AML-Fraud-Detection/notebook/data/HI-Small_Trans.csv
[ 2026-06-15 16:54:49,214] 52 root - INFO - Read the dataset as DataFrame, shape=(4000, 11)
[ 2026-06-15 16:54:49,216] 63 root - INFO - Using full dataset (no sampling applied)
[ 2026-06-15 16:54:49,231] 71 root - INFO - Train Test split initiated
[ 2026-06-15 16:54:49,246] 79 root - INFO - Ingestion completed: train=3200, test=800
[ 2026-06-15 16:54:49,246] 160 root - INFO - Data ingestion done: total=4000, train≈3200, test≈800
[ 2026-06-15 16:54:49,246] 52 root - INFO - DataValidation initialized: report_out=artifacts_test_full/data_quality_report.json, critical_features=['amount_received']
[ 2026-06-15 16:54:49,246] 415 root - INFO - Entered the 'data validation' method or component
[ 2026-06-15 16:54:49,247] 424 root - INFO - Normalized columns: ['timestamp', 'from_bank', 'account', 'to_bank', 'account_1', 'amount_received', 'receiving_currency', 'amount_paid', 'payment_currency', 'payment_format', 'is_laundering']
[ 2026-06-15 16:54:49,247] 425 root - INFO - Validating dataset with shape=(4000, 11)
[ 2026-06-15 16:54:49,247] 429 root - INFO - Resolved critical feature columns for validation: ['account', 'account_1', 'amount_received', 'payment_format']
[ 2026-06-15 16:54:49,264] 402 root - INFO - Data quality report saved to: artifacts_test_full/data_quality_report.json
[ 2026-06-15 16:54:49,265] 489 root - INFO - Data validation complete: is_valid=True, critical_issues=0, warning_issues=1
[ 2026-06-15 16:54:49,269] 167 root - INFO - Data validation done: report_path=/Users/pkcha/AML-Fraud-Detection/artifacts_test_full/data_quality_report.json, is_valid=True
[ 2026-06-15 16:54:49,269] 39 root - WARNING - Data quality check completed: 0 critical, 1 warnings
[ 2026-06-15 16:54:49,269] 49 root - WARNING - [DATA QUALITY WARNING] [target__target_mild_imbalance] Target column is mildly imbalanced: minority ratio = 4.6000%, warning threshold = 5.00%
[ 2026-06-15 16:54:49,269] 55 root - INFO - Target column distribution: {'0': 3816, '1': 184}, positive_ratio=0.046, severity=WARNING
[ 2026-06-15 16:54:49,269] 125 root - INFO - Data quality gate PASSED: proceeding to data transformation
[ 2026-06-15 16:54:49,270] 45 root - INFO - DataTransformation initialized with resolved config: target=is_laundering, drop=['timestamp', 'date', 'time', 'amount_paid', 'receiving_currency', 'payment_currency', 'from_bank', 'to_bank'], preprocessor_out=/Users/pkcha/AML-Fraud-Detection/artifacts_test_full/preprocessor.pkl
[ 2026-06-15 16:54:49,270] 96 root - INFO - 
Entered the 'data transformation' method or component
[ 2026-06-15 16:54:49,276] 100 root - INFO - Reading train and test data completed
[ 2026-06-15 16:54:49,276] 104 root - INFO - Train and Test dataframe columns name renamed
[ 2026-06-15 16:54:49,279] 106 root - INFO - Train Dataframe Head : 
             timestamp  from_bank    account  to_bank   account_1  amount_received receiving_currency  amount_paid payment_currency payment_format  is_laundering
0  2022-01-03 18:34:00         32  ACC_00106       14  ACC2_00036           267.67               Euro       261.84             Euro    Credit Card              0
1  2022-01-01 07:03:00         25  ACC_00037       24  ACC2_00112           729.82          US Dollar       978.24             Euro           Wire              0
2  2022-01-03 01:51:00         48  ACC_00186       39  ACC2_00019          1017.43               Euro      2712.50        US Dollar           Wire              0
3  2022-01-01 20:21:00         26  ACC_00019       25  ACC2_00014           250.11               Euro      1143.71             Euro   Reinvestment              0
4  2022-01-01 08:26:00         34  ACC_00056       22  ACC2_00069           254.59               Yuan        46.16             Yuan    Credit Card              0
[ 2026-06-15 16:54:49,280] 107 root - INFO - Test Dataframe Head : 
             timestamp  from_bank    account  to_bank   account_1  amount_received receiving_currency  amount_paid payment_currency payment_format  is_laundering
0  2022-01-01 09:15:00         22  ACC_00022       20  ACC2_00159           233.61          US Dollar       143.49             Yuan   Reinvestment              0
1  2022-01-03 10:11:00         44  ACC_00015       39  ACC2_00152          1591.77          US Dollar       352.36             Yuan    Credit Card              1
2  2022-01-01 08:47:00         22  ACC_00022       45  ACC2_00080           244.32          US Dollar       339.44             Yuan         Cheque              0
3  2022-01-03 17:25:00         48  ACC_00054       13  ACC2_00014          2122.75          US Dollar      1505.48             Yuan    Credit Card              0
4  2022-01-03 01:49:00         42  ACC_00139       34  ACC2_00036          1130.61          US Dollar        11.77             Yuan            ACH              0
[ 2026-06-15 16:54:49,286] 145 root - INFO - Columns name of numerical features: ['amount_received']
[ 2026-06-15 16:54:49,287] 147 root - INFO - Columns name of categorical features: ['account', 'account_1', 'payment_format', 'day']
[ 2026-06-15 16:54:49,287] 150 root - INFO - Obtaining preprocessing object
[ 2026-06-15 16:54:49,287] 87 root - INFO - Preprocessed both numerical and categorical columns
[ 2026-06-15 16:54:49,287] 155 root - INFO - Applying preprocessing object on training and testing datasets.
[ 2026-06-15 16:54:49,308] 174 root - INFO - Saved data preprocessing object
[ 2026-06-15 16:54:49,309] 193 root - INFO - Data transformation done: 5 features (1 num, 4 cat)
[ 2026-06-15 16:54:49,309] 55 root - INFO - ModelTrainer initialized with resolved config: enabled=['Random Forest', 'AdaBoost', 'XGBoost'], metric=Recall, model_out=/Users/pkcha/AML-Fraud-Detection/artifacts_test_full/model.pkl
[ 2026-06-15 16:54:49,309] 86 root - INFO - Get Independent features and Dependent feature from Train and Test datasets
[ 2026-06-15 16:54:49,309] 94 root - INFO - Imbalance dataset - upsampling the train data
[ 2026-06-15 16:54:49,309] 64 root - INFO - Before SMOTE: Counter({np.float64(0.0): 3060, np.float64(1.0): 140})
[ 2026-06-15 16:54:49,313] 66 root - INFO - After SMOTE: Counter({np.float64(0.0): 3060, np.float64(1.0): 3060})
[ 2026-06-15 16:54:49,313] 67 root - INFO - Upsampling the minority class data completed
[ 2026-06-15 16:54:49,313] 110 root - INFO - Training candidate models: ['Random Forest', 'AdaBoost', 'XGBoost']
[ 2026-06-15 16:54:49,314] 99 root - INFO - Grid Search started for RandomForestClassifier()
[ 2026-06-15 16:54:59,817] 103 root - INFO - Grid Search completed for RandomForestClassifier()
[ 2026-06-15 16:54:59,818] 106 root - INFO - Best parameters: {'n_estimators': 200} for RandomForestClassifier()
[ 2026-06-15 16:55:00,798] 116 root - INFO - Obtaining evaluation metrics for RandomForestClassifier(n_estimators=200) by using best hyperparameters
[ 2026-06-15 16:55:00,809] 99 root - INFO - Grid Search started for AdaBoostClassifier()
[ 2026-06-15 16:55:06,057] 103 root - INFO - Grid Search completed for AdaBoostClassifier()
[ 2026-06-15 16:55:06,059] 106 root - INFO - Best parameters: {'learning_rate': 1.0, 'n_estimators': 200} for AdaBoostClassifier()
[ 2026-06-15 16:55:07,213] 116 root - INFO - Obtaining evaluation metrics for AdaBoostClassifier(n_estimators=200) by using best hyperparameters
[ 2026-06-15 16:55:07,225] 99 root - INFO - Grid Search started for XGBClassifier(base_score=None, booster=None, callbacks=None,
              colsample_bylevel=None, colsample_bynode=None,
              colsample_bytree=None, device=None, early_stopping_rounds=None,
              enable_categorical=False, eval_metric=None, feature_types=None,
              feature_weights=None, gamma=None, grow_policy=None,
              importance_type=None, interaction_constraints=None,
              learning_rate=None, max_bin=None, max_cat_threshold=None,
              max_cat_to_onehot=None, max_delta_step=None, max_depth=None,
              max_leaves=None, min_child_weight=None, missing=nan,
              monotone_constraints=None, multi_strategy=None, n_estimators=None,
              n_jobs=None, num_parallel_tree=None, ...)
[ 2026-06-15 16:55:08,608] 103 root - INFO - Grid Search completed for XGBClassifier(base_score=None, booster=None, callbacks=None,
              colsample_bylevel=None, colsample_bynode=None,
              colsample_bytree=None, device=None, early_stopping_rounds=None,
              enable_categorical=False, eval_metric=None, feature_types=None,
              feature_weights=None, gamma=None, grow_policy=None,
              importance_type=None, interaction_constraints=None,
              learning_rate=None, max_bin=None, max_cat_threshold=None,
              max_cat_to_onehot=None, max_delta_step=None, max_depth=None,
              max_leaves=None, min_child_weight=None, missing=nan,
              monotone_constraints=None, multi_strategy=None, n_estimators=None,
              n_jobs=None, num_parallel_tree=None, ...)
[ 2026-06-15 16:55:08,609] 106 root - INFO - Best parameters: {'learning_rate': 0.1, 'n_estimators': 200} for XGBClassifier(base_score=None, booster=None, callbacks=None,
              colsample_bylevel=None, colsample_bynode=None,
              colsample_bytree=None, device=None, early_stopping_rounds=None,
              enable_categorical=False, eval_metric=None, feature_types=None,
              feature_weights=None, gamma=None, grow_policy=None,
              importance_type=None, interaction_constraints=None,
              learning_rate=None, max_bin=None, max_cat_threshold=None,
              max_cat_to_onehot=None, max_delta_step=None, max_depth=None,
              max_leaves=None, min_child_weight=None, missing=nan,
              monotone_constraints=None, multi_strategy=None, n_estimators=None,
              n_jobs=None, num_parallel_tree=None, ...)
[ 2026-06-15 16:55:09,090] 116 root - INFO - Obtaining evaluation metrics for XGBClassifier(base_score=None, booster=None, callbacks=None,
              colsample_bylevel=None, colsample_bynode=None,
              colsample_bytree=None, device=None, early_stopping_rounds=None,
              enable_categorical=False, eval_metric=None, feature_types=None,
              feature_weights=None, gamma=None, grow_policy=None,
              importance_type=None, interaction_constraints=None,
              learning_rate=0.1, max_bin=None, max_cat_threshold=None,
              max_cat_to_onehot=None, max_delta_step=None, max_depth=None,
              max_leaves=None, min_child_weight=None, missing=nan,
              monotone_constraints=None, multi_strategy=None, n_estimators=200,
              n_jobs=None, num_parallel_tree=None, ...) by using best hyperparameters
[ 2026-06-15 16:55:09,101] 137 root - INFO - 
 Metrics calculation on Train Data: 
{'Random Forest': [{'Precision': 1.0, 'Recall': 1.0, 'F1 score': 1.0, 'Confusion Matrix': array([[3060,    0],
       [   0, 3060]])}], 'AdaBoost': [{'Precision': 0.826653263701995, 'Recall': 0.8197712418300653, 'F1 score': 0.8203935523351572, 'Confusion Matrix': array([[2329,  372],
       [ 731, 2688]])}], 'XGBoost': [{'Precision': 0.9809597270280662, 'Recall': 0.9802287581699346, 'F1 score': 0.9802359868929524, 'Confusion Matrix': array([[3058,  119],
       [   2, 2941]])}]}
[ 2026-06-15 16:55:09,101] 139 root - INFO - 
 Metrics calculation on Test Data: 
{'Random Forest': [{'Precision': 0.9069143819143819, 'Recall': 0.9025, 'F1 score': 0.9046928006030909, 'Confusion Matrix': array([[719,  41],
       [ 37,   3]])}], 'AdaBoost': [{'Precision': 0.6793195346320345, 'Recall': 0.76625, 'F1 score': 0.7093481510621558, 'Confusion Matrix': array([[604,  35],
       [152,   9]])}], 'XGBoost': [{'Precision': 0.9974289021164021, 'Recall': 0.94375, 'F1 score': 0.969847266881029, 'Confusion Matrix': array([[755,  44],
       [  1,   0]])}]}
[ 2026-06-15 16:55:09,101] 135 root - INFO - Model metrics on Test Data: {'Random Forest': {'Precision': 0.9069143819143819, 'Recall': 0.9025, 'F1 score': 0.9046928006030909}, 'AdaBoost': {'Precision': 0.6793195346320345, 'Recall': 0.76625, 'F1 score': 0.7093481510621558}, 'XGBoost': {'Precision': 0.9974289021164021, 'Recall': 0.94375, 'F1 score': 0.969847266881029}}
[ 2026-06-15 16:55:09,101] 136 root - INFO - Selecting best model using metric: Recall
[ 2026-06-15 16:55:09,101] 142 root - INFO - Models with 'Recall' score: {'Random Forest': 0.9025, 'AdaBoost': 0.76625, 'XGBoost': 0.94375}
[ 2026-06-15 16:55:09,101] 149 root - INFO - Best Model: XGBoost with Recall score: 0.94375
[ 2026-06-15 16:55:09,107] 174 root - INFO - Model Training completed
[ 2026-06-15 16:55:09,108] 175 root - INFO - Final Recall score for XGBoost: 0.94375
[ 2026-06-15 16:55:09,113] 212 root - INFO - Model training done: best='XGBoost (XGBoost)', Recall=0.9437
[ 2026-06-15 16:55:09,114] 32 root - INFO - Training summary saved to: /Users/pkcha/AML-Fraud-Detection/artifacts_test_full/training_summary.json
[ 2026-06-15 16:55:09,114] 225 root - INFO - ========================================================================
[ 2026-06-15 16:55:09,114] 226 root - INFO - Training pipeline completed successfully
[ 2026-06-15 16:55:09,114] 227 root - INFO - ========================================================================
