[ 2026-06-17 09:15:21,630] 164 numexpr.utils - INFO - NumExpr defaulting to 10 threads.
[ 2026-06-17 09:15:32,507] 28 root - INFO - ========================================================================
[ 2026-06-17 09:15:32,508] 29 root - INFO - AML Fraud Detection - Training pipeline started
[ 2026-06-17 09:15:32,508] 30 root - INFO - ========================================================================
[ 2026-06-17 09:15:32,508] 164 root - INFO - Loading training config (source=env): /Users/pkcha/AML-Fraud-Detection/config/training_config_smoke.yaml
[ 2026-06-17 09:15:32,512] 191 root - INFO - Training config loaded and validated successfully
[ 2026-06-17 09:15:32,513] 192 root - INFO - Resolved config signature: data_source=/Users/pkcha/AML-Fraud-Detection/notebook/data/HI-Small_Trans.csv, target=is_laundering, metric=Recall, output=artifacts_smoketest
[ 2026-06-17 09:15:32,513] 45 root - INFO - Training config loaded (source=env): /Users/pkcha/AML-Fraud-Detection/config/training_config_smoke.yaml
[ 2026-06-17 09:15:32,513] 38 root - INFO - [StageTracker] Stage 'DataIngestion' started at 2026-06-17T09:15:32.513476
[ 2026-06-17 09:15:32,513] 36 root - INFO - DataIngestion initialized with resolved config: source=/Users/pkcha/AML-Fraud-Detection/notebook/data/HI-Small_Trans.csv, sample_size=2000, test_size=0.25
[ 2026-06-17 09:15:32,513] 44 root - INFO - Entered the 'data ingestion' method or component
[ 2026-06-17 09:15:32,513] 47 root - INFO - CSV File Path: /Users/pkcha/AML-Fraud-Detection/notebook/data/HI-Small_Trans.csv
[ 2026-06-17 09:15:32,513] 50 root - INFO - File found: /Users/pkcha/AML-Fraud-Detection/notebook/data/HI-Small_Trans.csv
[ 2026-06-17 09:15:32,548] 67 root - INFO - Read the dataset as DataFrame, shape=(4000, 11)
[ 2026-06-17 09:15:32,552] 82 root - INFO - Sampled 2000 rows from dataset of 4000 rows
[ 2026-06-17 09:15:32,565] 93 root - INFO - Train Test split initiated
[ 2026-06-17 09:15:32,583] 101 root - INFO - Ingestion completed: train=1500, test=500
[ 2026-06-17 09:15:32,583] 51 root - INFO - [StageTracker] Stage 'DataIngestion' completed in 0.070s
[ 2026-06-17 09:15:32,583] 76 root - INFO - Data ingestion done: total=2000, train≈1500, test≈500
[ 2026-06-17 09:15:32,583] 38 root - INFO - [StageTracker] Stage 'DataValidation' started at 2026-06-17T09:15:32.583800
[ 2026-06-17 09:15:32,583] 17 root - INFO - DataValidation initialized
[ 2026-06-17 09:15:32,583] 22 root - INFO - Entered the 'data validation' method or component
[ 2026-06-17 09:15:32,583] 27 root - INFO - Data validation done
[ 2026-06-17 09:15:32,583] 51 root - INFO - [StageTracker] Stage 'DataValidation' completed in 0.000s
[ 2026-06-17 09:15:32,584] 90 root - INFO - Data validation done
[ 2026-06-17 09:15:32,584] 38 root - INFO - [StageTracker] Stage 'DataTransformation' started at 2026-06-17T09:15:32.584039
[ 2026-06-17 09:15:32,584] 51 root - INFO - DataTransformation initialized with resolved config: target=is_laundering, drop=['timestamp', 'date', 'time', 'amount_paid', 'receiving_currency', 'payment_currency', 'from_bank', 'to_bank'], preprocessor_out=/Users/pkcha/AML-Fraud-Detection/artifacts_smoketest/preprocessor.pkl
[ 2026-06-17 09:15:32,584] 102 root - INFO - 
Entered the 'data transformation' method or component
[ 2026-06-17 09:15:32,591] 114 root - INFO - Reading train and test data completed
[ 2026-06-17 09:15:32,594] 118 root - INFO - Train and Test dataframe columns name renamed
[ 2026-06-17 09:15:32,599] 130 root - INFO - Train Dataframe Head : 
             timestamp  from_bank    account  to_bank   account_1  amount_received receiving_currency  amount_paid payment_currency payment_format  is_laundering
0  2022-01-03 00:47:00         49  ACC_00190       32  ACC2_00051           990.12               Yuan      1874.18             Euro   Reinvestment              0
1  2022-01-01 14:53:00         17  ACC_00108       49  ACC2_00082           772.62               Euro      1604.26             Euro    Credit Card              0
2  2022-01-03 17:57:00         47  ACC_00047       26  ACC2_00015          1557.83          US Dollar       497.84             Yuan           Wire              0
3  2022-01-02 16:07:00         15  ACC_00079       14  ACC2_00094           114.88               Euro      1209.57             Yuan         Cheque              0
4  2022-01-03 13:54:00         28  ACC_00156       37  ACC2_00098          1018.97          US Dollar      1702.91        US Dollar    Credit Card              0
[ 2026-06-17 09:15:32,601] 131 root - INFO - Test Dataframe Head : 
             timestamp  from_bank    account  to_bank   account_1  amount_received receiving_currency  amount_paid payment_currency payment_format  is_laundering
0  2022-01-01 09:44:00         12  ACC_00144       43  ACC2_00081          1005.64          US Dollar       105.05             Yuan   Reinvestment              0
1  2022-01-01 02:14:00         45  ACC_00036       42  ACC2_00158          1728.51          US Dollar       452.29             Euro            ACH              0
2  2022-01-01 07:15:00         42  ACC_00008       45  ACC2_00033           208.12          US Dollar      1251.77        US Dollar           Wire              0
3  2022-01-02 23:47:00         17  ACC_00115       29  ACC2_00157          1716.02               Euro       867.95             Yuan         Cheque              0
4  2022-01-02 11:38:00         21  ACC_00089       46  ACC2_00053           204.90               Yuan      1419.39        US Dollar    Credit Card              0
[ 2026-06-17 09:15:32,618] 169 root - INFO - Columns name of numerical features: ['amount_received']
[ 2026-06-17 09:15:32,619] 171 root - INFO - Columns name of categorical features: ['account', 'account_1', 'payment_format', 'day']
[ 2026-06-17 09:15:32,619] 174 root - INFO - Obtaining preprocessing object
[ 2026-06-17 09:15:32,620] 93 root - INFO - Preprocessed both numerical and categorical columns
[ 2026-06-17 09:15:32,620] 179 root - INFO - Applying preprocessing object on training and testing datasets.
[ 2026-06-17 09:15:32,662] 52 root - INFO - Object saved to: artifacts_smoketest/preprocessor.pkl
[ 2026-06-17 09:15:32,662] 212 root - INFO - Saved data preprocessing object
[ 2026-06-17 09:15:32,663] 51 root - INFO - [StageTracker] Stage 'DataTransformation' completed in 0.079s
[ 2026-06-17 09:15:32,663] 110 root - INFO - Data transformation done: 5 features (1 num, 4 cat)
[ 2026-06-17 09:15:32,663] 38 root - INFO - [StageTracker] Stage 'ModelTrainer' started at 2026-06-17T09:15:32.663571
[ 2026-06-17 09:15:32,663] 61 root - INFO - ModelTrainer initialized with resolved config: enabled=['Random Forest', 'AdaBoost'], metric=Recall, model_out=/Users/pkcha/AML-Fraud-Detection/artifacts_smoketest/model.pkl
[ 2026-06-17 09:15:32,663] 96 root - INFO - Get Independent features and Dependent feature from Train and Test datasets
[ 2026-06-17 09:15:32,663] 104 root - INFO - Imbalance dataset - upsampling the train data
[ 2026-06-17 09:15:32,664] 86 root - INFO - Before SMOTE: Counter({np.float64(0.0): 1433, np.float64(1.0): 67})
[ 2026-06-17 09:15:32,669] 88 root - INFO - After SMOTE: Counter({np.float64(0.0): 1433, np.float64(1.0): 1433})
[ 2026-06-17 09:15:32,669] 89 root - INFO - Upsampling the minority class data completed
[ 2026-06-17 09:15:32,669] 120 root - INFO - Training candidate models: ['Random Forest', 'AdaBoost']
[ 2026-06-17 09:15:32,671] 121 root - INFO - Grid Search started for RandomForestClassifier()
[ 2026-06-17 09:15:40,343] 125 root - INFO - Grid Search completed for RandomForestClassifier()
[ 2026-06-17 09:15:40,344] 128 root - INFO - Best parameters: {'n_estimators': 50} for RandomForestClassifier()
[ 2026-06-17 09:15:40,566] 138 root - INFO - Obtaining evaluation metrics for RandomForestClassifier(n_estimators=50) by using best hyperparameters
[ 2026-06-17 09:15:40,580] 121 root - INFO - Grid Search started for AdaBoostClassifier()
[ 2026-06-17 09:15:44,625] 125 root - INFO - Grid Search completed for AdaBoostClassifier()
[ 2026-06-17 09:15:44,626] 128 root - INFO - Best parameters: {'learning_rate': 0.1, 'n_estimators': 50} for AdaBoostClassifier()
[ 2026-06-17 09:15:44,765] 138 root - INFO - Obtaining evaluation metrics for AdaBoostClassifier(learning_rate=0.1) by using best hyperparameters
[ 2026-06-17 09:15:44,776] 159 root - INFO - 
 Metrics calculation on Train Data: 
{'Random Forest': [{'Precision': 0.9996513251349289, 'Recall': 0.9996510816468946, 'F1 score': 0.9996510816893733, 'Confusion Matrix': array([[1433,    1],
       [   0, 1432]])}], 'AdaBoost': [{'Precision': 0.8392297207338341, 'Recall': 0.5753663642707606, 'F1 score': 0.6399034828251919, 'Confusion Matrix': array([[ 304,   88],
       [1129, 1345]])}]}
[ 2026-06-17 09:15:44,777] 161 root - INFO - 
 Metrics calculation on Test Data: 
{'Random Forest': [{'Precision': 0.937974358974359, 'Recall': 0.908, 'F1 score': 0.9225602240896359, 'Confusion Matrix': array([[453,  31],
       [ 15,   1]])}], 'AdaBoost': [{'Precision': 0.5705448717948718, 'Recall': 0.38, 'F1 score': 0.2652092844274195, 'Confusion Matrix': array([[168,  10],
       [300,  22]])}]}
[ 2026-06-17 09:15:44,777] 145 root - INFO - Model metrics on Test Data: {'Random Forest': {'Precision': 0.937974358974359, 'Recall': 0.908, 'F1 score': 0.9225602240896359}, 'AdaBoost': {'Precision': 0.5705448717948718, 'Recall': 0.38, 'F1 score': 0.2652092844274195}}
[ 2026-06-17 09:15:44,777] 146 root - INFO - Selecting best model using metric: Recall
[ 2026-06-17 09:15:44,777] 152 root - INFO - Models with 'Recall' score: {'Random Forest': 0.908, 'AdaBoost': 0.38}
[ 2026-06-17 09:15:44,777] 159 root - INFO - Best Model: Random Forest with Recall score: 0.908
[ 2026-06-17 09:15:44,798] 52 root - INFO - Object saved to: artifacts_smoketest/model.pkl
[ 2026-06-17 09:15:44,804] 184 root - INFO - Model Training completed
[ 2026-06-17 09:15:44,804] 185 root - INFO - Final Recall score for Random Forest: 0.908
[ 2026-06-17 09:15:44,805] 51 root - INFO - [StageTracker] Stage 'ModelTrainer' completed in 12.142s
[ 2026-06-17 09:15:44,805] 135 root - INFO - Model training done: best='RandomForest (Random Forest)', Recall=0.9080
[ 2026-06-17 09:15:44,805] 38 root - INFO - [StageTracker] Stage 'ModelEvaluation' started at 2026-06-17T09:15:44.805267
[ 2026-06-17 09:15:44,805] 17 root - INFO - Model evaluation started
[ 2026-06-17 09:15:44,812] 69 root - INFO - Object loaded from: artifacts/model.pkl
[ 2026-06-17 09:15:44,812] 29 root - INFO - model has register
[ 2026-06-17 09:15:45,668] 1270 git.cmd - DEBUG - Popen(['git', 'version'], cwd=/Users/pkcha/AML-Fraud-Detection, stdin=None, shell=False, universal_newlines=False)
[ 2026-06-17 09:15:45,745] 1270 git.cmd - DEBUG - Popen(['git', 'version'], cwd=/Users/pkcha/AML-Fraud-Detection, stdin=None, shell=False, universal_newlines=False)
[ 2026-06-17 09:15:45,778] 494 git.util - DEBUG - sys.platform='darwin', git_executable='git'
[ 2026-06-17 09:15:45,780] 1270 git.cmd - DEBUG - Popen(['git', 'check-ignore', '/Users/pkcha/AML-Fraud-Detection/aml_fraud_detector/pipeline'], cwd=/Users/pkcha/AML-Fraud-Detection, stdin=None, shell=False, universal_newlines=False)
[ 2026-06-17 09:15:45,812] 1270 git.cmd - DEBUG - Popen(['git', 'cat-file', '--batch-check'], cwd=/Users/pkcha/AML-Fraud-Detection, stdin=<valid stream>, shell=False, universal_newlines=False)
[ 2026-06-17 09:15:45,864] 1049 urllib3.connectionpool - DEBUG - Starting new HTTPS connection (1): config.mlflow-telemetry.io:443
[ 2026-06-17 09:15:57,593] 81 root - ERROR - [StageTracker] Stage 'ModelEvaluation' failed after 12.788s: [E9999] 内部错误: [Errno 1] Operation not permitted: '/C:'
[ 2026-06-17 09:15:57,593] 152 root - WARNING - ModelEvaluation stage failed (non-fatal): [E9999] 内部错误: [Errno 1] Operation not permitted: '/C:'
[ 2026-06-17 09:15:57,595] 38 root - INFO - Training summary saved to: /Users/pkcha/AML-Fraud-Detection/artifacts_smoketest/training_summary.json
[ 2026-06-17 09:15:57,595] 163 root - INFO - ========================================================================
[ 2026-06-17 09:15:57,595] 164 root - INFO - Training pipeline completed successfully
[ 2026-06-17 09:15:57,595] 165 root - INFO - ========================================================================
