[ 2026-06-16 20:54:55,335] 27 root - INFO - ========================================================================
[ 2026-06-16 20:54:55,335] 28 root - INFO - AML Fraud Detection - Training pipeline started
[ 2026-06-16 20:54:55,335] 29 root - INFO - ========================================================================
[ 2026-06-16 20:54:55,335] 164 root - INFO - Loading training config (source=env): /Users/pkcha/AML-Fraud-Detection/config/smoke_flat.yaml
[ 2026-06-16 20:54:55,336] 59 root - INFO - WorkspaceContext initialized (mode=flat, root=/Users/pkcha/AML-Fraud-Detection, artifacts=/Users/pkcha/AML-Fraud-Detection/artifacts)
[ 2026-06-16 20:54:55,336] 94 root - DEBUG - Workspace directories ensured: artifacts=/Users/pkcha/AML-Fraud-Detection/artifacts, logs=/Users/pkcha/AML-Fraud-Detection/logs, tmp=/Users/pkcha/AML-Fraud-Detection/tmp
[ 2026-06-16 20:54:55,336] 195 root - INFO - Training config loaded and validated successfully
[ 2026-06-16 20:54:55,336] 196 root - INFO - Resolved config signature: data_source=/Users/pkcha/AML-Fraud-Detection/notebook/data/HI-Small_Trans.csv, target=is_laundering, metric=Recall, output=/Users/pkcha/AML-Fraud-Detection/artifacts
[ 2026-06-16 20:54:55,336] 82 root - INFO - Logging configured: /Users/pkcha/AML-Fraud-Detection/logs/06_16_2026_20_54_52.log/06_16_2026_20_54_52.log
[ 2026-06-16 20:54:55,336] 43 root - INFO - Log file configured at: /Users/pkcha/AML-Fraud-Detection/logs/06_16_2026_20_54_52.log/06_16_2026_20_54_52.log
[ 2026-06-16 20:54:55,336] 46 root - INFO - Training config loaded (source=env): /Users/pkcha/AML-Fraud-Detection/config/smoke_flat.yaml
[ 2026-06-16 20:54:55,336] 41 root - INFO - DataIngestion initialized with resolved config: source=/Users/pkcha/AML-Fraud-Detection/notebook/data/HI-Small_Trans.csv, sample_size=2000, test_size=0.25
[ 2026-06-16 20:54:55,336] 49 root - INFO - Entered the 'data ingestion' method or component
[ 2026-06-16 20:54:55,336] 52 root - INFO - CSV File Path: /Users/pkcha/AML-Fraud-Detection/notebook/data/HI-Small_Trans.csv
[ 2026-06-16 20:54:55,336] 55 root - INFO - File found: /Users/pkcha/AML-Fraud-Detection/notebook/data/HI-Small_Trans.csv
[ 2026-06-16 20:54:55,345] 72 root - INFO - Read the dataset as DataFrame, shape=(4000, 11)
[ 2026-06-16 20:54:55,347] 87 root - INFO - Sampled 2000 rows from dataset of 4000 rows
[ 2026-06-16 20:54:55,351] 98 root - INFO - Train Test split initiated
[ 2026-06-16 20:54:55,357] 106 root - INFO - Ingestion completed: train=1500, test=500
[ 2026-06-16 20:54:55,357] 73 root - INFO - Data ingestion done: total=2000, train≈1500, test≈500
[ 2026-06-16 20:54:55,357] 56 root - INFO - DataTransformation initialized with resolved config: target=is_laundering, drop=['timestamp', 'date', 'time', 'amount_paid', 'receiving_currency', 'payment_currency', 'from_bank', 'to_bank'], preprocessor_out=/Users/pkcha/AML-Fraud-Detection/artifacts/preprocessor.pkl
[ 2026-06-16 20:54:55,357] 107 root - INFO - 
Entered the 'data transformation' method or component
[ 2026-06-16 20:54:55,361] 119 root - INFO - Reading train and test data completed
[ 2026-06-16 20:54:55,362] 123 root - INFO - Train and Test dataframe columns name renamed
[ 2026-06-16 20:54:55,365] 135 root - INFO - Train Dataframe Head : 
             timestamp  from_bank    account  to_bank   account_1  amount_received receiving_currency  amount_paid payment_currency payment_format  is_laundering
0  2022-01-03 00:47:00         49  ACC_00190       32  ACC2_00051           990.12               Yuan      1874.18             Euro   Reinvestment              0
1  2022-01-01 14:53:00         17  ACC_00108       49  ACC2_00082           772.62               Euro      1604.26             Euro    Credit Card              0
2  2022-01-03 17:57:00         47  ACC_00047       26  ACC2_00015          1557.83          US Dollar       497.84             Yuan           Wire              0
3  2022-01-02 16:07:00         15  ACC_00079       14  ACC2_00094           114.88               Euro      1209.57             Yuan         Cheque              0
4  2022-01-03 13:54:00         28  ACC_00156       37  ACC2_00098          1018.97          US Dollar      1702.91        US Dollar    Credit Card              0
[ 2026-06-16 20:54:55,365] 136 root - INFO - Test Dataframe Head : 
             timestamp  from_bank    account  to_bank   account_1  amount_received receiving_currency  amount_paid payment_currency payment_format  is_laundering
0  2022-01-01 09:44:00         12  ACC_00144       43  ACC2_00081          1005.64          US Dollar       105.05             Yuan   Reinvestment              0
1  2022-01-01 02:14:00         45  ACC_00036       42  ACC2_00158          1728.51          US Dollar       452.29             Euro            ACH              0
2  2022-01-01 07:15:00         42  ACC_00008       45  ACC2_00033           208.12          US Dollar      1251.77        US Dollar           Wire              0
3  2022-01-02 23:47:00         17  ACC_00115       29  ACC2_00157          1716.02               Euro       867.95             Yuan         Cheque              0
4  2022-01-02 11:38:00         21  ACC_00089       46  ACC2_00053           204.90               Yuan      1419.39        US Dollar    Credit Card              0
[ 2026-06-16 20:54:55,371] 174 root - INFO - Columns name of numerical features: ['amount_received']
[ 2026-06-16 20:54:55,371] 176 root - INFO - Columns name of categorical features: ['account', 'account_1', 'payment_format', 'day']
[ 2026-06-16 20:54:55,371] 179 root - INFO - Obtaining preprocessing object
[ 2026-06-16 20:54:55,371] 98 root - INFO - Preprocessed both numerical and categorical columns
[ 2026-06-16 20:54:55,371] 184 root - INFO - Applying preprocessing object on training and testing datasets.
[ 2026-06-16 20:54:55,388] 52 root - INFO - Object saved to: /Users/pkcha/AML-Fraud-Detection/artifacts/preprocessor.pkl
[ 2026-06-16 20:54:55,388] 217 root - INFO - Saved data preprocessing object
[ 2026-06-16 20:54:55,388] 92 root - INFO - Data transformation done: 5 features (1 num, 4 cat)
[ 2026-06-16 20:54:55,388] 66 root - INFO - ModelTrainer initialized with resolved config: enabled=['Random Forest', 'AdaBoost'], metric=Recall, model_out=/Users/pkcha/AML-Fraud-Detection/artifacts/model.pkl
[ 2026-06-16 20:54:55,388] 101 root - INFO - Get Independent features and Dependent feature from Train and Test datasets
[ 2026-06-16 20:54:55,388] 109 root - INFO - Imbalance dataset - upsampling the train data
[ 2026-06-16 20:54:55,388] 86 root - INFO - Before SMOTE: Counter({np.float64(0.0): 1433, np.float64(1.0): 67})
[ 2026-06-16 20:54:55,392] 88 root - INFO - After SMOTE: Counter({np.float64(0.0): 1433, np.float64(1.0): 1433})
[ 2026-06-16 20:54:55,392] 89 root - INFO - Upsampling the minority class data completed
[ 2026-06-16 20:54:55,392] 125 root - INFO - Training candidate models: ['Random Forest', 'AdaBoost']
[ 2026-06-16 20:54:55,393] 121 root - INFO - Grid Search started for RandomForestClassifier()
[ 2026-06-16 20:54:58,005] 125 root - INFO - Grid Search completed for RandomForestClassifier()
[ 2026-06-16 20:54:58,005] 128 root - INFO - Best parameters: {'n_estimators': 50} for RandomForestClassifier()
[ 2026-06-16 20:54:58,102] 138 root - INFO - Obtaining evaluation metrics for RandomForestClassifier(n_estimators=50) by using best hyperparameters
[ 2026-06-16 20:54:58,111] 121 root - INFO - Grid Search started for AdaBoostClassifier()
[ 2026-06-16 20:54:59,539] 125 root - INFO - Grid Search completed for AdaBoostClassifier()
[ 2026-06-16 20:54:59,539] 128 root - INFO - Best parameters: {'learning_rate': 0.1, 'n_estimators': 50} for AdaBoostClassifier()
[ 2026-06-16 20:54:59,598] 138 root - INFO - Obtaining evaluation metrics for AdaBoostClassifier(learning_rate=0.1) by using best hyperparameters
[ 2026-06-16 20:54:59,603] 159 root - INFO - 
 Metrics calculation on Train Data: 
{'Random Forest': [{'Precision': 1.0, 'Recall': 1.0, 'F1 score': 1.0, 'Confusion Matrix': array([[1433,    0],
       [   0, 1433]])}], 'AdaBoost': [{'Precision': 0.8392297207338341, 'Recall': 0.5753663642707606, 'F1 score': 0.6399034828251919, 'Confusion Matrix': array([[ 304,   88],
       [1129, 1345]])}]}
[ 2026-06-16 20:54:59,604] 161 root - INFO - 
 Metrics calculation on Test Data: 
{'Random Forest': [{'Precision': 0.945875, 'Recall': 0.912, 'F1 score': 0.9283872026251025, 'Confusion Matrix': array([[455,  31],
       [ 13,   1]])}], 'AdaBoost': [{'Precision': 0.5705448717948718, 'Recall': 0.38, 'F1 score': 0.2652092844274195, 'Confusion Matrix': array([[168,  10],
       [300,  22]])}]}
[ 2026-06-16 20:54:59,604] 150 root - INFO - Model metrics on Test Data: {'Random Forest': {'Precision': 0.945875, 'Recall': 0.912, 'F1 score': 0.9283872026251025}, 'AdaBoost': {'Precision': 0.5705448717948718, 'Recall': 0.38, 'F1 score': 0.2652092844274195}}
[ 2026-06-16 20:54:59,604] 151 root - INFO - Selecting best model using metric: Recall
[ 2026-06-16 20:54:59,604] 157 root - INFO - Models with 'Recall' score: {'Random Forest': 0.912, 'AdaBoost': 0.38}
[ 2026-06-16 20:54:59,605] 164 root - INFO - Best Model: Random Forest with Recall score: 0.912
[ 2026-06-16 20:54:59,793] 52 root - INFO - Object saved to: /Users/pkcha/AML-Fraud-Detection/artifacts/model.pkl
[ 2026-06-16 20:54:59,808] 189 root - INFO - Model Training completed
[ 2026-06-16 20:54:59,808] 190 root - INFO - Final Recall score for Random Forest: 0.912
[ 2026-06-16 20:54:59,808] 113 root - INFO - Model training done: best='RandomForest (Random Forest)', Recall=0.9120
[ 2026-06-16 20:54:59,833] 38 root - INFO - Training summary saved to: /Users/pkcha/AML-Fraud-Detection/artifacts/training_summary.json
[ 2026-06-16 20:54:59,833] 128 root - INFO - ========================================================================
[ 2026-06-16 20:54:59,834] 129 root - INFO - Training pipeline completed successfully
[ 2026-06-16 20:54:59,834] 130 root - INFO - ========================================================================
