[ 2026-06-17 09:51:12,811] 531 root - INFO - ========================================================================
[ 2026-06-17 09:51:12,811] 532 root - INFO - ConfigService - Configuration loaded
[ 2026-06-17 09:51:12,812] 533 root - INFO - ========================================================================
[ 2026-06-17 09:51:12,812] 534 root - INFO -   Profile            : local
[ 2026-06-17 09:51:12,812] 535 root - INFO -   Project root       : /Users/pkcha/AML-Fraud-Detection
[ 2026-06-17 09:51:12,812] 536 root - INFO -   Config path source : profile_file:app_config.yaml
[ 2026-06-17 09:51:12,812] 538 root - INFO -   Config file        : /Users/pkcha/AML-Fraud-Detection/config/app_config.yaml
[ 2026-06-17 09:51:12,812] 539 root - INFO -   YAML sources loaded: 1
[ 2026-06-17 09:51:12,812] 540 root - INFO -   Env overrides      : 0
[ 2026-06-17 09:51:12,812] 543 root - INFO - ========================================================================
[ 2026-06-17 09:51:12,814] 636 root - INFO - Effective config exported (sanitized) to: /Users/pkcha/AML-Fraud-Detection/logs/effective_config_local_20260617_095112_sanitized.json
[ 2026-06-17 09:51:12,836] 531 root - INFO - ========================================================================
[ 2026-06-17 09:51:12,836] 532 root - INFO - ConfigService - Configuration loaded
[ 2026-06-17 09:51:12,836] 533 root - INFO - ========================================================================
[ 2026-06-17 09:51:12,836] 534 root - INFO -   Profile            : local
[ 2026-06-17 09:51:12,836] 535 root - INFO -   Project root       : /Users/pkcha/AML-Fraud-Detection
[ 2026-06-17 09:51:12,836] 536 root - INFO -   Config path source : profile_file:app_config.yaml
[ 2026-06-17 09:51:12,836] 538 root - INFO -   Config file        : /Users/pkcha/AML-Fraud-Detection/config/app_config.yaml
[ 2026-06-17 09:51:12,836] 539 root - INFO -   YAML sources loaded: 1
[ 2026-06-17 09:51:12,836] 540 root - INFO -   Env overrides      : 0
[ 2026-06-17 09:51:12,836] 543 root - INFO - ========================================================================
[ 2026-06-17 09:51:12,836] 260 root - INFO - Training config loaded via ConfigService (profile=local, source=profile_file:app_config.yaml)
[ 2026-06-17 09:51:12,836] 265 root - INFO - Resolved config signature: data_source=/Users/pkcha/AML-Fraud-Detection/notebook/data/HI-Small_Trans.csv, target=is_laundering, metric=Recall, output=/Users/pkcha/AML-Fraud-Detection/artifacts
