[ 2026-06-15 13:00:57,161] 164 numexpr.utils - INFO - NumExpr defaulting to 10 threads.
[ 2026-06-15 13:01:04,643] 19 root - INFO - ========================================================================
[ 2026-06-15 13:01:04,644] 20 root - INFO - AML Fraud Detection - Training pipeline started
[ 2026-06-15 13:01:04,644] 21 root - INFO - ========================================================================
[ 2026-06-15 13:01:04,644] 145 root - INFO - Loading training config from: /Users/pkcha/AML-Fraud-Detection/config/training_config_smoke.yaml
[ 2026-06-15 13:01:04,646] 90 root - INFO - Env override: output.artifacts_dir = artifacts_smoketest (from AML_TRAIN_OUTPUT_DIR)
[ 2026-06-15 13:01:04,646] 169 root - INFO - Training config loaded and validated successfully
[ 2026-06-15 13:01:04,646] 24 root - INFO - Training config loaded from: /Users/pkcha/AML-Fraud-Detection/config/training_config_smoke.yaml
[ 2026-06-15 13:01:04,646] 32 root - INFO - Entered the 'data ingestion' method or component
[ 2026-06-15 13:01:04,646] 35 root - INFO - CSV File Path: /Users/pkcha/AML-Fraud-Detection/notebook/data/HI-Small_Trans.csv
[ 2026-06-15 13:01:04,646] 38 root - INFO - File found: /Users/pkcha/AML-Fraud-Detection/notebook/data/HI-Small_Trans.csv
[ 2026-06-15 13:01:04,669] 45 root - INFO - Read the dataset as DataFrame, shape=(4000, 11)
[ 2026-06-15 13:01:04,672] 53 root - INFO - Sampled 2000 rows from dataset of 4000 rows
[ 2026-06-15 13:01:04,681] 64 root - INFO - Train Test split initiated
[ 2026-06-15 13:01:04,689] 72 root - INFO - Ingestion completed: train=1500, test=500
[ 2026-06-15 13:01:04,689] 40 root - INFO - Data ingestion done: total=2000, train≈1500, test≈500
[ 2026-06-15 13:01:04,689] 89 root - INFO - 
Entered the 'data transformation' method or component
[ 2026-06-15 13:01:04,693] 93 root - INFO - Reading train and test data completed
[ 2026-06-15 13:01:04,696] 97 root - INFO - Train and Test dataframe columns name renamed
[ 2026-06-15 13:01:04,699] 99 root - INFO - Train Dataframe Head : 
             timestamp  from_bank    account  to_bank   account_1  amount_received receiving_currency  amount_paid payment_currency payment_format  is_laundering
0  2022-01-03 00:47:00         49  ACC_00190       32  ACC2_00051           990.12               Yuan      1874.18             Euro   Reinvestment              0
1  2022-01-01 14:53:00         17  ACC_00108       49  ACC2_00082           772.62               Euro      1604.26             Euro    Credit Card              0
2  2022-01-03 17:57:00         47  ACC_00047       26  ACC2_00015          1557.83          US Dollar       497.84             Yuan           Wire              0
3  2022-01-02 16:07:00         15  ACC_00079       14  ACC2_00094           114.88               Euro      1209.57             Yuan         Cheque              0
4  2022-01-03 13:54:00         28  ACC_00156       37  ACC2_00098          1018.97          US Dollar      1702.91        US Dollar    Credit Card              0
[ 2026-06-15 13:01:04,700] 100 root - INFO - Test Dataframe Head : 
             timestamp  from_bank    account  to_bank   account_1  amount_received receiving_currency  amount_paid payment_currency payment_format  is_laundering
0  2022-01-01 09:44:00         12  ACC_00144       43  ACC2_00081          1005.64          US Dollar       105.05             Yuan   Reinvestment              0
1  2022-01-01 02:14:00         45  ACC_00036       42  ACC2_00158          1728.51          US Dollar       452.29             Euro            ACH              0
2  2022-01-01 07:15:00         42  ACC_00008       45  ACC2_00033           208.12          US Dollar      1251.77        US Dollar           Wire              0
3  2022-01-02 23:47:00         17  ACC_00115       29  ACC2_00157          1716.02               Euro       867.95             Yuan         Cheque              0
4  2022-01-02 11:38:00         21  ACC_00089       46  ACC2_00053           204.90               Yuan      1419.39        US Dollar    Credit Card              0
[ 2026-06-15 13:01:04,711] 138 root - INFO - Columns name of numerical features: ['amount_received']
[ 2026-06-15 13:01:04,712] 140 root - INFO - Columns name of categorical features: ['account', 'account_1', 'payment_format', 'day']
[ 2026-06-15 13:01:04,712] 143 root - INFO - Obtaining preprocessing object
[ 2026-06-15 13:01:04,712] 80 root - INFO - Preprocessed both numerical and categorical columns
[ 2026-06-15 13:01:04,713] 148 root - INFO - Applying preprocessing object on training and testing datasets.
[ 2026-06-15 13:01:04,741] 167 root - INFO - Saved data preprocessing object
[ 2026-06-15 13:01:04,741] 57 root - INFO - Data transformation done: 5 features (1 num, 4 cat)
[ 2026-06-15 13:01:04,741] 79 root - INFO - Get Independent features and Dependent feature from Train and Test datasets
[ 2026-06-15 13:01:04,741] 87 root - INFO - Imbalance dataset - upsampling the train data
[ 2026-06-15 13:01:04,741] 64 root - INFO - Before SMOTE: Counter({np.float64(0.0): 1433, np.float64(1.0): 67})
[ 2026-06-15 13:01:04,745] 66 root - INFO - After SMOTE: Counter({np.float64(0.0): 1433, np.float64(1.0): 1433})
[ 2026-06-15 13:01:04,745] 67 root - INFO - Upsampling the minority class data completed
[ 2026-06-15 13:01:04,745] 103 root - INFO - Training candidate models: ['Random Forest', 'AdaBoost']
[ 2026-06-15 13:01:04,747] 99 root - INFO - Grid Search started for RandomForestClassifier()
[ 2026-06-15 13:01:09,859] 103 root - INFO - Grid Search completed for RandomForestClassifier()
[ 2026-06-15 13:01:09,860] 106 root - INFO - Best parameters: {'n_estimators': 50} for RandomForestClassifier()
[ 2026-06-15 13:01:10,218] 116 root - INFO - Obtaining evaluation metrics for RandomForestClassifier(n_estimators=50) by using best hyperparameters
[ 2026-06-15 13:01:10,230] 99 root - INFO - Grid Search started for AdaBoostClassifier()
[ 2026-06-15 13:01:14,258] 103 root - INFO - Grid Search completed for AdaBoostClassifier()
[ 2026-06-15 13:01:14,258] 106 root - INFO - Best parameters: {'learning_rate': 0.1, 'n_estimators': 50} for AdaBoostClassifier()
[ 2026-06-15 13:01:14,427] 116 root - INFO - Obtaining evaluation metrics for AdaBoostClassifier(learning_rate=0.1) by using best hyperparameters
[ 2026-06-15 13:01:14,437] 137 root - INFO - 
 Metrics calculation on Train Data: 
{'Random Forest': [{'Precision': 1.0, 'Recall': 1.0, 'F1 score': 1.0, 'Confusion Matrix': array([[1433,    0],
       [   0, 1433]])}], 'AdaBoost': [{'Precision': 0.8392297207338341, 'Recall': 0.5753663642707606, 'F1 score': 0.6399034828251919, 'Confusion Matrix': array([[ 304,   88],
       [1129, 1345]])}]}
[ 2026-06-15 13:01:14,438] 139 root - INFO - 
 Metrics calculation on Test Data: 
{'Random Forest': [{'Precision': 0.9229444444444445, 'Recall': 0.898, 'F1 score': 0.9103013698630137, 'Confusion Matrix': array([[449,  32],
       [ 19,   0]])}], 'AdaBoost': [{'Precision': 0.5705448717948718, 'Recall': 0.38, 'F1 score': 0.2652092844274195, 'Confusion Matrix': array([[168,  10],
       [300,  22]])}]}
[ 2026-06-15 13:01:14,438] 128 root - INFO - Model metrics on Test Data: {'Random Forest': {'Precision': 0.9229444444444445, 'Recall': 0.898, 'F1 score': 0.9103013698630137}, 'AdaBoost': {'Precision': 0.5705448717948718, 'Recall': 0.38, 'F1 score': 0.2652092844274195}}
[ 2026-06-15 13:01:14,438] 129 root - INFO - Selecting best model using metric: Recall
[ 2026-06-15 13:01:14,438] 135 root - INFO - Models with 'Recall' score: {'Random Forest': 0.898, 'AdaBoost': 0.38}
[ 2026-06-15 13:01:14,438] 142 root - INFO - Best Model: Random Forest with Recall score: 0.898
[ 2026-06-15 13:01:14,471] 167 root - INFO - Model Training completed
[ 2026-06-15 13:01:14,472] 168 root - INFO - Final Recall score for Random Forest: 0.898
[ 2026-06-15 13:01:14,472] 76 root - INFO - Model training done: best='RandomForest (Random Forest)', Recall=0.8980
[ 2026-06-15 13:01:14,474] 32 root - INFO - Training summary saved to: /Users/pkcha/AML-Fraud-Detection/artifacts_smoketest/training_summary.json
[ 2026-06-15 13:01:14,474] 89 root - INFO - ========================================================================
[ 2026-06-15 13:01:14,474] 90 root - INFO - Training pipeline completed successfully
[ 2026-06-15 13:01:14,474] 91 root - INFO - ========================================================================
