[ 2026-06-15 16:53:37,125] 163 root - INFO - Loading training config (source=default_file): /Users/pkcha/AML-Fraud-Detection/config/training_config.yaml
[ 2026-06-15 16:53:37,126] 100 root - INFO - Env override: data.source_path = 'notebook/data/HI-Small_Trans.csv' -> '/Users/pkcha/AML-Fraud-Detection/notebook/data/HI-Small_Trans.csv' (from AML_TRAIN_DATA_SOURCE_PATH='/Users/pkcha/AML-Fraud-Detection/notebook/data/HI-Small_Trans.csv')
[ 2026-06-15 16:53:37,126] 100 root - INFO - Env override: data.sample_size = 50000 -> 4000 (from AML_TRAIN_DATA_SAMPLE_SIZE='4000')
[ 2026-06-15 16:53:37,126] 100 root - INFO - Env override: output.artifacts_dir = 'artifacts' -> 'artifacts_test' (from AML_TRAIN_OUTPUT_DIR='artifacts_test')
[ 2026-06-15 16:53:37,126] 190 root - INFO - Training config loaded and validated successfully
[ 2026-06-15 16:53:37,126] 191 root - INFO - Resolved config signature: data_source=/Users/pkcha/AML-Fraud-Detection/notebook/data/HI-Small_Trans.csv, target=is_laundering, metric=Recall, output=artifacts_test
[ 2026-06-15 16:53:37,126] 31 root - INFO - DataIngestion initialized with resolved config: source=/Users/pkcha/AML-Fraud-Detection/notebook/data/HI-Small_Trans.csv, sample_size=4000, test_size=0.2
[ 2026-06-15 16:53:37,126] 39 root - INFO - Entered the 'data ingestion' method or component
[ 2026-06-15 16:53:37,126] 42 root - INFO - CSV File Path: /Users/pkcha/AML-Fraud-Detection/notebook/data/HI-Small_Trans.csv
[ 2026-06-15 16:53:37,126] 45 root - INFO - File found: /Users/pkcha/AML-Fraud-Detection/notebook/data/HI-Small_Trans.csv
[ 2026-06-15 16:53:37,175] 52 root - INFO - Read the dataset as DataFrame, shape=(4000, 11)
[ 2026-06-15 16:53:37,175] 63 root - INFO - Using full dataset (no sampling applied)
[ 2026-06-15 16:53:37,184] 71 root - INFO - Train Test split initiated
[ 2026-06-15 16:53:37,196] 79 root - INFO - Ingestion completed: train=3200, test=800
[ 2026-06-15 16:53:37,196] 52 root - INFO - DataValidation initialized: report_out=artifacts_test/data_quality_report.json, critical_features=['amount_received']
[ 2026-06-15 16:53:37,196] 415 root - INFO - Entered the 'data validation' method or component
[ 2026-06-15 16:53:37,196] 424 root - INFO - Validating dataset with shape=(4000, 11)
[ 2026-06-15 16:53:37,196] 428 root - INFO - Resolved critical feature columns for validation: ['Timestamp', 'From Bank', 'Account', 'To Bank', 'Account.1', 'Amount Received', 'Receiving Currency', 'Amount Paid', 'Payment Currency', 'Payment Format', 'Is Laundering']
[ 2026-06-15 16:53:37,203] 402 root - INFO - Data quality report saved to: artifacts_test/data_quality_report.json
[ 2026-06-15 16:53:37,204] 488 root - INFO - Data validation complete: is_valid=False, critical_issues=1, warning_issues=0
[ 2026-06-15 16:53:37,204] 39 root - WARNING - Data quality check completed: 1 critical, 0 warnings
[ 2026-06-15 16:53:37,204] 45 root - ERROR - [DATA QUALITY CRITICAL] [target__target_missing_column] Target column 'is_laundering' does not exist in dataset
[ 2026-06-15 16:53:37,204] 55 root - INFO - Target column distribution: {}, positive_ratio=0.0, severity=CRITICAL
[ 2026-06-15 16:53:37,204] 122 root - ERROR - Data quality gate FAILED. Training aborted before data transformation. Fix the following issues or adjust validation thresholds:
  - Target column 'is_laundering' [target_missing_column]: Target column 'is_laundering' does not exist in dataset
