[ 2026-06-15 22:51:26,385] 164 numexpr.utils - INFO - NumExpr defaulting to 10 threads.
[ 2026-06-15 22:51:35,294] 33 root - INFO - ========================================================================
[ 2026-06-15 22:51:35,294] 34 root - INFO - AML Fraud Detection - Training pipeline started
[ 2026-06-15 22:51:35,295] 35 root - INFO - ========================================================================
[ 2026-06-15 22:51:35,295] 162 root - INFO - Loading training config (source=explicit): /Users/pkcha/AML-Fraud-Detection/config/training_config_smoke.yaml
[ 2026-06-15 22:51:35,298] 189 root - INFO - Training config loaded and validated successfully
[ 2026-06-15 22:51:35,298] 190 root - INFO - Resolved config signature: data_source=/Users/pkcha/AML-Fraud-Detection/notebook/data/HI-Small_Trans.csv, target=is_laundering, metric=Recall, output=artifacts_smoketest
[ 2026-06-15 22:51:35,298] 39 root - INFO - Training config loaded (source=explicit): /Users/pkcha/AML-Fraud-Detection/config/training_config_smoke.yaml
[ 2026-06-15 22:51:35,299] 46 root - INFO - ArtifactRegistry initialized: artifacts_dir=/Users/pkcha/AML-Fraud-Detection/artifacts_smoketest
[ 2026-06-15 22:51:35,299] 37 root - INFO - DataIngestion initialized with resolved config: source=/Users/pkcha/AML-Fraud-Detection/notebook/data/HI-Small_Trans.csv, sample_size=2000, test_size=0.25
[ 2026-06-15 22:51:35,299] 45 root - INFO - Entered the 'data ingestion' method or component
[ 2026-06-15 22:51:35,299] 48 root - INFO - CSV File Path: /Users/pkcha/AML-Fraud-Detection/notebook/data/HI-Small_Trans.csv
[ 2026-06-15 22:51:35,299] 51 root - INFO - File found: /Users/pkcha/AML-Fraud-Detection/notebook/data/HI-Small_Trans.csv
[ 2026-06-15 22:51:35,333] 58 root - INFO - Read the dataset as DataFrame, shape=(4000, 11)
[ 2026-06-15 22:51:35,336] 66 root - INFO - Sampled 2000 rows from dataset of 4000 rows
[ 2026-06-15 22:51:35,354] 93 root - INFO - Train Test split initiated
[ 2026-06-15 22:51:35,371] 106 root - INFO - Ingestion completed: train=1500, test=500
[ 2026-06-15 22:51:35,371] 66 root - INFO - Data ingestion done: total=2000, train≈1500, test≈500
[ 2026-06-15 22:51:35,372] 58 root - INFO - DataValidation initialized: target=is_laundering, report_out=data_quality_report.json, critical_features=['account', 'account_1', 'amount_received', 'payment_format']
[ 2026-06-15 22:51:35,372] 315 root - INFO - Starting data validation
[ 2026-06-15 22:51:35,379] 95 root - INFO - Artifact saved: /Users/pkcha/AML-Fraud-Detection/artifacts_smoketest/data_quality_report.json
[ 2026-06-15 22:51:35,379] 358 root - INFO - Data quality report saved to: /Users/pkcha/AML-Fraud-Detection/artifacts_smoketest/data_quality_report.json
[ 2026-06-15 22:51:35,379] 85 root - INFO - Data validation passed
[ 2026-06-15 22:51:35,379] 86 root - INFO - Data quality report saved: /Users/pkcha/AML-Fraud-Detection/artifacts_smoketest/data_quality_report.json
[ 2026-06-15 22:51:35,379] 51 root - INFO - DataTransformation initialized with resolved config: target=is_laundering, drop=['timestamp', 'date', 'time', 'amount_paid', 'receiving_currency', 'payment_currency', 'from_bank', 'to_bank'], preprocessor_out=/Users/pkcha/AML-Fraud-Detection/artifacts_smoketest/preprocessor.pkl
[ 2026-06-15 22:51:35,379] 102 root - INFO - 
Entered the 'data transformation' method or component
[ 2026-06-15 22:51:35,385] 106 root - INFO - Reading train and test data completed
[ 2026-06-15 22:51:35,386] 110 root - INFO - Train and Test dataframe columns name renamed
[ 2026-06-15 22:51:35,390] 112 root - INFO - Train Dataframe Head : 
             timestamp  from_bank    account  to_bank   account_1  amount_received receiving_currency  amount_paid payment_currency payment_format  is_laundering
0  2022-01-03 00:47:00         49  ACC_00190       32  ACC2_00051           990.12               Yuan      1874.18             Euro   Reinvestment              0
1  2022-01-01 14:53:00         17  ACC_00108       49  ACC2_00082           772.62               Euro      1604.26             Euro    Credit Card              0
2  2022-01-03 17:57:00         47  ACC_00047       26  ACC2_00015          1557.83          US Dollar       497.84             Yuan           Wire              0
3  2022-01-02 16:07:00         15  ACC_00079       14  ACC2_00094           114.88               Euro      1209.57             Yuan         Cheque              0
4  2022-01-03 13:54:00         28  ACC_00156       37  ACC2_00098          1018.97          US Dollar      1702.91        US Dollar    Credit Card              0
[ 2026-06-15 22:51:35,392] 113 root - INFO - Test Dataframe Head : 
             timestamp  from_bank    account  to_bank   account_1  amount_received receiving_currency  amount_paid payment_currency payment_format  is_laundering
0  2022-01-01 09:44:00         12  ACC_00144       43  ACC2_00081          1005.64          US Dollar       105.05             Yuan   Reinvestment              0
1  2022-01-01 02:14:00         45  ACC_00036       42  ACC2_00158          1728.51          US Dollar       452.29             Euro            ACH              0
2  2022-01-01 07:15:00         42  ACC_00008       45  ACC2_00033           208.12          US Dollar      1251.77        US Dollar           Wire              0
3  2022-01-02 23:47:00         17  ACC_00115       29  ACC2_00157          1716.02               Euro       867.95             Yuan         Cheque              0
4  2022-01-02 11:38:00         21  ACC_00089       46  ACC2_00053           204.90               Yuan      1419.39        US Dollar    Credit Card              0
[ 2026-06-15 22:51:35,419] 151 root - INFO - Columns name of numerical features: ['amount_received']
[ 2026-06-15 22:51:35,420] 153 root - INFO - Columns name of categorical features: ['account', 'account_1', 'payment_format', 'day']
[ 2026-06-15 22:51:35,420] 156 root - INFO - Obtaining preprocessing object
[ 2026-06-15 22:51:35,420] 93 root - INFO - Preprocessed both numerical and categorical columns
[ 2026-06-15 22:51:35,420] 161 root - INFO - Applying preprocessing object on training and testing datasets.
[ 2026-06-15 22:51:35,469] 108 root - INFO - Artifact saved: /Users/pkcha/AML-Fraud-Detection/artifacts_smoketest/preprocessor.pkl
[ 2026-06-15 22:51:35,469] 186 root - INFO - Saved data preprocessing object
[ 2026-06-15 22:51:35,469] 102 root - INFO - Data transformation done: 5 features (1 num, 4 cat)
[ 2026-06-15 22:51:35,470] 95 root - INFO - Artifact saved: /Users/pkcha/AML-Fraud-Detection/artifacts_smoketest/feature_metadata.json
[ 2026-06-15 22:51:35,470] 388 root - INFO - Feature metadata saved to: /Users/pkcha/AML-Fraud-Detection/artifacts_smoketest/feature_metadata.json
[ 2026-06-15 22:51:35,470] 61 root - INFO - ModelTrainer initialized with resolved config: enabled=['Random Forest', 'AdaBoost'], metric=Recall, model_out=/Users/pkcha/AML-Fraud-Detection/artifacts_smoketest/model.pkl
[ 2026-06-15 22:51:35,470] 92 root - INFO - Get Independent features and Dependent feature from Train and Test datasets
[ 2026-06-15 22:51:35,470] 100 root - INFO - Imbalance dataset - upsampling the train data
[ 2026-06-15 22:51:35,471] 64 root - INFO - Before SMOTE: Counter({np.float64(0.0): 1433, np.float64(1.0): 67})
[ 2026-06-15 22:51:35,476] 66 root - INFO - After SMOTE: Counter({np.float64(0.0): 1433, np.float64(1.0): 1433})
[ 2026-06-15 22:51:35,476] 67 root - INFO - Upsampling the minority class data completed
[ 2026-06-15 22:51:35,476] 116 root - INFO - Training candidate models: ['Random Forest', 'AdaBoost']
[ 2026-06-15 22:51:35,477] 99 root - INFO - Grid Search started for RandomForestClassifier()
[ 2026-06-15 22:51:41,992] 103 root - INFO - Grid Search completed for RandomForestClassifier()
[ 2026-06-15 22:51:41,993] 106 root - INFO - Best parameters: {'n_estimators': 20} for RandomForestClassifier()
[ 2026-06-15 22:51:42,264] 116 root - INFO - Obtaining evaluation metrics for RandomForestClassifier(n_estimators=20) by using best hyperparameters
[ 2026-06-15 22:51:42,288] 99 root - INFO - Grid Search started for AdaBoostClassifier()
[ 2026-06-15 22:51:45,625] 103 root - INFO - Grid Search completed for AdaBoostClassifier()
[ 2026-06-15 22:51:45,627] 106 root - INFO - Best parameters: {'learning_rate': 0.1, 'n_estimators': 50} for AdaBoostClassifier()
[ 2026-06-15 22:51:45,817] 116 root - INFO - Obtaining evaluation metrics for AdaBoostClassifier(learning_rate=0.1) by using best hyperparameters
[ 2026-06-15 22:51:45,833] 137 root - INFO - 
 Metrics calculation on Train Data: 
{'Random Forest': [{'Precision': 1.0, 'Recall': 1.0, 'F1 score': 1.0, 'Confusion Matrix': array([[1433,    0],
       [   0, 1433]])}], 'AdaBoost': [{'Precision': 0.8392297207338341, 'Recall': 0.5753663642707606, 'F1 score': 0.6399034828251919, 'Confusion Matrix': array([[ 304,   88],
       [1129, 1345]])}]}
[ 2026-06-15 22:51:45,834] 139 root - INFO - 
 Metrics calculation on Test Data: 
{'Random Forest': [{'Precision': 0.9071153846153845, 'Recall': 0.89, 'F1 score': 0.8984761904761904, 'Confusion Matrix': array([[445,  32],
       [ 23,   0]])}], 'AdaBoost': [{'Precision': 0.5705448717948718, 'Recall': 0.38, 'F1 score': 0.2652092844274195, 'Confusion Matrix': array([[168,  10],
       [300,  22]])}]}
[ 2026-06-15 22:51:45,834] 141 root - INFO - Model metrics on Test Data: {'Random Forest': {'Precision': 0.9071153846153845, 'Recall': 0.89, 'F1 score': 0.8984761904761904}, 'AdaBoost': {'Precision': 0.5705448717948718, 'Recall': 0.38, 'F1 score': 0.2652092844274195}}
[ 2026-06-15 22:51:45,834] 142 root - INFO - Selecting best model using metric: Recall
[ 2026-06-15 22:51:45,834] 148 root - INFO - Models with 'Recall' score: {'Random Forest': 0.89, 'AdaBoost': 0.38}
[ 2026-06-15 22:51:45,834] 155 root - INFO - Best Model: Random Forest with Recall score: 0.89
[ 2026-06-15 22:51:45,846] 108 root - INFO - Artifact saved: /Users/pkcha/AML-Fraud-Detection/artifacts_smoketest/model.pkl
[ 2026-06-15 22:51:45,853] 186 root - INFO - Model Training completed
[ 2026-06-15 22:51:45,853] 187 root - INFO - Final Recall score for Random Forest: 0.89
[ 2026-06-15 22:51:45,853] 130 root - INFO - Model training done: best='RandomForest (Random Forest)', Recall=0.8900
[ 2026-06-15 22:51:45,859] 95 root - INFO - Artifact saved: /Users/pkcha/AML-Fraud-Detection/artifacts_smoketest/model_metadata.json
[ 2026-06-15 22:51:45,860] 143 root - INFO - Model metadata saved to: model_metadata.json (version=1)
[ 2026-06-15 22:51:45,861] 95 root - INFO - Artifact saved: /Users/pkcha/AML-Fraud-Detection/artifacts_smoketest/training_summary.json
[ 2026-06-15 22:51:45,865] 95 root - INFO - Artifact saved: /Users/pkcha/AML-Fraud-Detection/artifacts_smoketest/artifact_manifest.json
[ 2026-06-15 22:51:45,865] 156 root - INFO - Artifact manifest saved to: artifact_manifest.json
[ 2026-06-15 22:51:45,865] 158 root - INFO - ========================================================================
[ 2026-06-15 22:51:45,865] 159 root - INFO - Training pipeline completed successfully
[ 2026-06-15 22:51:45,865] 160 root - INFO - ========================================================================
