[ 2026-06-14 22:47:18,395] 46 root - INFO - Using default config file: /Users/pkcha/AML-Fraud-Detection/config/model.yaml
[ 2026-06-14 22:47:18,395] 56 root - INFO - Using default schema file: /Users/pkcha/AML-Fraud-Detection/config/schema.yaml
[ 2026-06-14 22:47:18,396] 67 root - INFO - Loaded YAML config from /Users/pkcha/AML-Fraud-Detection/config/model.yaml
[ 2026-06-14 22:47:18,396] 67 root - INFO - Loaded YAML config from /Users/pkcha/AML-Fraud-Detection/config/schema.yaml
[ 2026-06-14 22:47:18,396] 76 root - INFO - Using data path from AML_DATA_PATH: /var/folders/5n/5fk0gy756kj43rvymptfpp1r0000gn/T/aml_test_o9k_5hqn/custom_env_data.csv
[ 2026-06-14 22:47:18,396] 106 root - INFO - DataIngestionConfig resolved: source=/var/folders/5n/5fk0gy756kj43rvymptfpp1r0000gn/T/aml_test_o9k_5hqn/custom_env_data.csv
[ 2026-06-14 22:47:18,399] 43 root - INFO - Using config file from AML_CONFIG_PATH: /var/folders/5n/5fk0gy756kj43rvymptfpp1r0000gn/T/aml_test_o9k_5hqn/custom_config.yaml
[ 2026-06-14 22:47:18,399] 56 root - INFO - Using default schema file: /Users/pkcha/AML-Fraud-Detection/config/schema.yaml
[ 2026-06-14 22:47:18,400] 67 root - INFO - Loaded YAML config from /var/folders/5n/5fk0gy756kj43rvymptfpp1r0000gn/T/aml_test_o9k_5hqn/custom_config.yaml
[ 2026-06-14 22:47:18,400] 67 root - INFO - Loaded YAML config from /Users/pkcha/AML-Fraud-Detection/config/schema.yaml
[ 2026-06-14 22:47:18,400] 81 root - INFO - Using data path from config file: /var/folders/5n/5fk0gy756kj43rvymptfpp1r0000gn/T/aml_test_o9k_5hqn/config_yaml_data.csv
[ 2026-06-14 22:47:18,400] 106 root - INFO - DataIngestionConfig resolved: source=/var/folders/5n/5fk0gy756kj43rvymptfpp1r0000gn/T/aml_test_o9k_5hqn/config_yaml_data.csv
[ 2026-06-14 22:47:18,400] 46 root - INFO - Using default config file: /Users/pkcha/AML-Fraud-Detection/config/model.yaml
[ 2026-06-14 22:47:18,400] 56 root - INFO - Using default schema file: /Users/pkcha/AML-Fraud-Detection/config/schema.yaml
[ 2026-06-14 22:47:18,401] 67 root - INFO - Loaded YAML config from /Users/pkcha/AML-Fraud-Detection/config/model.yaml
[ 2026-06-14 22:47:18,401] 67 root - INFO - Loaded YAML config from /Users/pkcha/AML-Fraud-Detection/config/schema.yaml
[ 2026-06-14 22:47:18,401] 84 root - INFO - Using default data file: /Users/pkcha/AML-Fraud-Detection/artifacts/data.csv
[ 2026-06-14 22:47:18,401] 106 root - INFO - DataIngestionConfig resolved: source=/Users/pkcha/AML-Fraud-Detection/artifacts/data.csv
[ 2026-06-14 22:47:18,402] 46 root - INFO - Using default config file: /Users/pkcha/AML-Fraud-Detection/config/model.yaml
[ 2026-06-14 22:47:18,402] 56 root - INFO - Using default schema file: /Users/pkcha/AML-Fraud-Detection/config/schema.yaml
[ 2026-06-14 22:47:18,402] 67 root - INFO - Loaded YAML config from /Users/pkcha/AML-Fraud-Detection/config/model.yaml
[ 2026-06-14 22:47:18,403] 67 root - INFO - Loaded YAML config from /Users/pkcha/AML-Fraud-Detection/config/schema.yaml
[ 2026-06-14 22:47:18,403] 118 root - INFO - Using schema from schema file: 11 required columns
[ 2026-06-14 22:47:18,403] 131 root - INFO - ============================================================
[ 2026-06-14 22:47:18,403] 132 root - INFO - Starting data validation for: /var/folders/5n/5fk0gy756kj43rvymptfpp1r0000gn/T/aml_test_o9k_5hqn/empty.csv
[ 2026-06-14 22:47:18,403] 133 root - INFO - ============================================================
[ 2026-06-14 22:47:18,403] 50 root - INFO - Data file size: 0 bytes (0.00 MB)
[ 2026-06-14 22:47:18,403] 142 root - ERROR - [VALIDATION ERROR] Data file is empty (0 bytes): /var/folders/5n/5fk0gy756kj43rvymptfpp1r0000gn/T/aml_test_o9k_5hqn/empty.csv
[ 2026-06-14 22:47:18,404] 131 root - INFO - ============================================================
[ 2026-06-14 22:47:18,405] 132 root - INFO - Starting data validation for: /var/folders/5n/5fk0gy756kj43rvymptfpp1r0000gn/T/aml_test_o9k_5hqn/bad_cols.csv
[ 2026-06-14 22:47:18,405] 133 root - INFO - ============================================================
[ 2026-06-14 22:47:18,405] 50 root - INFO - Data file size: 386 bytes (0.00 MB)
[ 2026-06-14 22:47:18,405] 153 root - INFO - Reading CSV for validation: /var/folders/5n/5fk0gy756kj43rvymptfpp1r0000gn/T/aml_test_o9k_5hqn/bad_cols.csv
[ 2026-06-14 22:47:18,411] 155 root - INFO - CSV read successfully
[ 2026-06-14 22:47:18,411] 62 root - INFO - DataFrame shape: 10 rows x 3 columns
[ 2026-06-14 22:47:18,411] 74 root - INFO - Actual columns in DataFrame (3): ['Timestamp', 'Account', 'Amount Received']
[ 2026-06-14 22:47:18,411] 75 root - INFO - Required columns (11): ['Timestamp', 'From Bank', 'Account', 'To Bank', 'Account.1', 'Amount Received', 'Receiving Currency', 'Amount Paid', 'Payment Currency', 'Payment Format', 'Is Laundering']
[ 2026-06-14 22:47:18,411] 193 root - ERROR - [VALIDATION ERROR] Missing 8 required column(s): ['From Bank', 'To Bank', 'Account.1', 'Receiving Currency', 'Amount Paid', 'Payment Currency', 'Payment Format', 'Is Laundering']. DataFrame has columns: ['Timestamp', 'Account', 'Amount Received']
[ 2026-06-14 22:47:18,423] 131 root - INFO - ============================================================
[ 2026-06-14 22:47:18,423] 132 root - INFO - Starting data validation for: /var/folders/5n/5fk0gy756kj43rvymptfpp1r0000gn/T/aml_test_o9k_5hqn/null_target.csv
[ 2026-06-14 22:47:18,423] 133 root - INFO - ============================================================
[ 2026-06-14 22:47:18,423] 50 root - INFO - Data file size: 8354 bytes (0.01 MB)
[ 2026-06-14 22:47:18,423] 153 root - INFO - Reading CSV for validation: /var/folders/5n/5fk0gy756kj43rvymptfpp1r0000gn/T/aml_test_o9k_5hqn/null_target.csv
[ 2026-06-14 22:47:18,425] 155 root - INFO - CSV read successfully
[ 2026-06-14 22:47:18,425] 62 root - INFO - DataFrame shape: 100 rows x 11 columns
[ 2026-06-14 22:47:18,425] 74 root - INFO - Actual columns in DataFrame (11): ['Timestamp', 'From Bank', 'Account', 'To Bank', 'Account.1', 'Amount Received', 'Receiving Currency', 'Amount Paid', 'Payment Currency', 'Payment Format', 'Is Laundering']
[ 2026-06-14 22:47:18,425] 75 root - INFO - Required columns (11): ['Timestamp', 'From Bank', 'Account', 'To Bank', 'Account.1', 'Amount Received', 'Receiving Currency', 'Amount Paid', 'Payment Currency', 'Payment Format', 'Is Laundering']
[ 2026-06-14 22:47:18,430] 105 root - INFO - Target column 'Is Laundering': 2 unique values, 11 null values out of 100 rows
[ 2026-06-14 22:47:18,433] 118 root - INFO - Target column distribution: {1.0: 45, 0.0: 44}
[ 2026-06-14 22:47:18,434] 127 root - INFO - DataFrame dtypes: {'Timestamp': 'object', 'From Bank': 'int64', 'Account': 'object', 'To Bank': 'int64', 'Account.1': 'object', 'Amount Received': 'float64', 'Receiving Currency': 'object', 'Amount Paid': 'float64', 'Payment Currency': 'object', 'Payment Format': 'object', 'Is Laundering': 'float64'}
[ 2026-06-14 22:47:18,434] 226 root - WARNING - [VALIDATION WARNING] Target column 'Is Laundering' contains 11 null values (11.00%)
[ 2026-06-14 22:47:18,434] 229 root - INFO - ============================================================
[ 2026-06-14 22:47:18,434] 230 root - INFO - Data validation PASSED for: /var/folders/5n/5fk0gy756kj43rvymptfpp1r0000gn/T/aml_test_o9k_5hqn/null_target.csv
[ 2026-06-14 22:47:18,434] 231 root - INFO - ============================================================
[ 2026-06-14 22:47:18,435] 131 root - INFO - ============================================================
[ 2026-06-14 22:47:18,435] 132 root - INFO - Starting data validation for: /var/folders/5n/5fk0gy756kj43rvymptfpp1r0000gn/T/aml_test_o9k_5hqn/good_data.csv
[ 2026-06-14 22:47:18,435] 133 root - INFO - ============================================================
[ 2026-06-14 22:47:18,435] 50 root - INFO - Data file size: 8187 bytes (0.01 MB)
[ 2026-06-14 22:47:18,435] 153 root - INFO - Reading CSV for validation: /var/folders/5n/5fk0gy756kj43rvymptfpp1r0000gn/T/aml_test_o9k_5hqn/good_data.csv
[ 2026-06-14 22:47:18,436] 155 root - INFO - CSV read successfully
[ 2026-06-14 22:47:18,437] 62 root - INFO - DataFrame shape: 100 rows x 11 columns
[ 2026-06-14 22:47:18,437] 74 root - INFO - Actual columns in DataFrame (11): ['Timestamp', 'From Bank', 'Account', 'To Bank', 'Account.1', 'Amount Received', 'Receiving Currency', 'Amount Paid', 'Payment Currency', 'Payment Format', 'Is Laundering']
[ 2026-06-14 22:47:18,437] 75 root - INFO - Required columns (11): ['Timestamp', 'From Bank', 'Account', 'To Bank', 'Account.1', 'Amount Received', 'Receiving Currency', 'Amount Paid', 'Payment Currency', 'Payment Format', 'Is Laundering']
[ 2026-06-14 22:47:18,438] 105 root - INFO - Target column 'Is Laundering': 2 unique values, 0 null values out of 100 rows
[ 2026-06-14 22:47:18,438] 118 root - INFO - Target column distribution: {0: 50, 1: 50}
[ 2026-06-14 22:47:18,438] 127 root - INFO - DataFrame dtypes: {'Timestamp': 'object', 'From Bank': 'int64', 'Account': 'object', 'To Bank': 'int64', 'Account.1': 'object', 'Amount Received': 'float64', 'Receiving Currency': 'object', 'Amount Paid': 'float64', 'Payment Currency': 'object', 'Payment Format': 'object', 'Is Laundering': 'int64'}
[ 2026-06-14 22:47:18,438] 229 root - INFO - ============================================================
[ 2026-06-14 22:47:18,438] 230 root - INFO - Data validation PASSED for: /var/folders/5n/5fk0gy756kj43rvymptfpp1r0000gn/T/aml_test_o9k_5hqn/good_data.csv
[ 2026-06-14 22:47:18,438] 231 root - INFO - ============================================================
