[ 2026-06-15 22:36:48,660] 164 numexpr.utils - INFO - NumExpr defaulting to 10 threads.
[ 2026-06-15 22:36:51,357] 33 root - INFO - ========================================================================
[ 2026-06-15 22:36:51,357] 34 root - INFO - AML Fraud Detection - Training pipeline started
[ 2026-06-15 22:36:51,357] 35 root - INFO - ========================================================================
[ 2026-06-15 22:36:51,357] 162 root - INFO - Loading training config (source=default_file): /Users/pkcha/AML-Fraud-Detection/config/training_config.yaml
[ 2026-06-15 22:36:51,358] 189 root - INFO - Training config loaded and validated successfully
[ 2026-06-15 22:36:51,359] 190 root - INFO - Resolved config signature: data_source=/Users/pkcha/AML-Fraud-Detection/notebook/data/HI-Small_Trans.csv, target=is_laundering, metric=Recall, output=artifacts
[ 2026-06-15 22:36:51,359] 39 root - INFO - Training config loaded (source=default_file): /Users/pkcha/AML-Fraud-Detection/config/training_config.yaml
[ 2026-06-15 22:36:51,359] 46 root - INFO - ArtifactRegistry initialized: artifacts_dir=/Users/pkcha/AML-Fraud-Detection/artifacts
[ 2026-06-15 22:36:51,359] 37 root - INFO - DataIngestion initialized with resolved config: source=/Users/pkcha/AML-Fraud-Detection/notebook/data/HI-Small_Trans.csv, sample_size=50000, test_size=0.2
[ 2026-06-15 22:36:51,359] 45 root - INFO - Entered the 'data ingestion' method or component
[ 2026-06-15 22:36:51,359] 48 root - INFO - CSV File Path: /Users/pkcha/AML-Fraud-Detection/notebook/data/HI-Small_Trans.csv
[ 2026-06-15 22:36:51,359] 51 root - INFO - File found: /Users/pkcha/AML-Fraud-Detection/notebook/data/HI-Small_Trans.csv
[ 2026-06-15 22:36:51,385] 58 root - INFO - Read the dataset as DataFrame, shape=(4000, 11)
[ 2026-06-15 22:36:51,385] 69 root - INFO - Using full dataset (no sampling applied)
[ 2026-06-15 22:36:51,394] 93 root - INFO - Train Test split initiated
[ 2026-06-15 22:36:51,406] 106 root - INFO - Ingestion completed: train=3200, test=800
[ 2026-06-15 22:36:51,406] 66 root - INFO - Data ingestion done: total=4000, train≈3200, test≈800
[ 2026-06-15 22:36:51,406] 58 root - INFO - DataValidation initialized: target=is_laundering, report_out=data_quality_report.json, critical_features=['account', 'account_1', 'amount_received', 'payment_format']
[ 2026-06-15 22:36:51,406] 315 root - INFO - Starting data validation
[ 2026-06-15 22:36:51,411] 95 root - INFO - Artifact saved: /Users/pkcha/AML-Fraud-Detection/artifacts/data_quality_report.json
[ 2026-06-15 22:36:51,411] 358 root - INFO - Data quality report saved to: /Users/pkcha/AML-Fraud-Detection/artifacts/data_quality_report.json
[ 2026-06-15 22:36:51,411] 85 root - INFO - Data validation passed
[ 2026-06-15 22:36:51,411] 86 root - INFO - Data quality report saved: /Users/pkcha/AML-Fraud-Detection/artifacts/data_quality_report.json
[ 2026-06-15 22:36:51,411] 51 root - INFO - DataTransformation initialized with resolved config: target=is_laundering, drop=['timestamp', 'date', 'time', 'amount_paid', 'receiving_currency', 'payment_currency', 'from_bank', 'to_bank'], preprocessor_out=/Users/pkcha/AML-Fraud-Detection/artifacts/preprocessor.pkl
[ 2026-06-15 22:36:51,411] 102 root - INFO - 
Entered the 'data transformation' method or component
[ 2026-06-15 22:36:51,414] 106 root - INFO - Reading train and test data completed
[ 2026-06-15 22:36:51,415] 110 root - INFO - Train and Test dataframe columns name renamed
[ 2026-06-15 22:36:51,416] 112 root - INFO - Train Dataframe Head : 
             timestamp  from_bank    account  to_bank   account_1  amount_received receiving_currency  amount_paid payment_currency payment_format  is_laundering
0  2022-01-03 18:34:00         32  ACC_00106       14  ACC2_00036           267.67               Euro       261.84             Euro    Credit Card              0
1  2022-01-01 07:03:00         25  ACC_00037       24  ACC2_00112           729.82          US Dollar       978.24             Euro           Wire              0
2  2022-01-03 01:51:00         48  ACC_00186       39  ACC2_00019          1017.43               Euro      2712.50        US Dollar           Wire              0
3  2022-01-01 20:21:00         26  ACC_00019       25  ACC2_00014           250.11               Euro      1143.71             Euro   Reinvestment              0
4  2022-01-01 08:26:00         34  ACC_00056       22  ACC2_00069           254.59               Yuan        46.16             Yuan    Credit Card              0
[ 2026-06-15 22:36:51,417] 113 root - INFO - Test Dataframe Head : 
             timestamp  from_bank    account  to_bank   account_1  amount_received receiving_currency  amount_paid payment_currency payment_format  is_laundering
0  2022-01-01 09:15:00         22  ACC_00022       20  ACC2_00159           233.61          US Dollar       143.49             Yuan   Reinvestment              0
1  2022-01-03 10:11:00         44  ACC_00015       39  ACC2_00152          1591.77          US Dollar       352.36             Yuan    Credit Card              1
2  2022-01-01 08:47:00         22  ACC_00022       45  ACC2_00080           244.32          US Dollar       339.44             Yuan         Cheque              0
3  2022-01-03 17:25:00         48  ACC_00054       13  ACC2_00014          2122.75          US Dollar      1505.48             Yuan    Credit Card              0
4  2022-01-03 01:49:00         42  ACC_00139       34  ACC2_00036          1130.61          US Dollar        11.77             Yuan            ACH              0
[ 2026-06-15 22:36:51,426] 151 root - INFO - Columns name of numerical features: ['amount_received']
[ 2026-06-15 22:36:51,426] 153 root - INFO - Columns name of categorical features: ['account', 'account_1', 'payment_format', 'day']
[ 2026-06-15 22:36:51,426] 156 root - INFO - Obtaining preprocessing object
[ 2026-06-15 22:36:51,426] 93 root - INFO - Preprocessed both numerical and categorical columns
[ 2026-06-15 22:36:51,426] 161 root - INFO - Applying preprocessing object on training and testing datasets.
[ 2026-06-15 22:36:51,444] 108 root - INFO - Artifact saved: /Users/pkcha/AML-Fraud-Detection/artifacts/preprocessor.pkl
[ 2026-06-15 22:36:51,444] 186 root - INFO - Saved data preprocessing object
[ 2026-06-15 22:36:51,444] 102 root - INFO - Data transformation done: 5 features (1 num, 4 cat)
[ 2026-06-15 22:36:51,446] 95 root - INFO - Artifact saved: /Users/pkcha/AML-Fraud-Detection/artifacts/feature_metadata.json
[ 2026-06-15 22:36:51,446] 388 root - INFO - Feature metadata saved to: /Users/pkcha/AML-Fraud-Detection/artifacts/feature_metadata.json
[ 2026-06-15 22:36:51,446] 61 root - INFO - ModelTrainer initialized with resolved config: enabled=['Random Forest', 'AdaBoost', 'XGBoost'], metric=Recall, model_out=/Users/pkcha/AML-Fraud-Detection/artifacts/model.pkl
[ 2026-06-15 22:36:51,446] 92 root - INFO - Get Independent features and Dependent feature from Train and Test datasets
[ 2026-06-15 22:36:51,446] 100 root - INFO - Imbalance dataset - upsampling the train data
[ 2026-06-15 22:36:51,446] 64 root - INFO - Before SMOTE: Counter({np.float64(0.0): 3060, np.float64(1.0): 140})
[ 2026-06-15 22:36:51,449] 66 root - INFO - After SMOTE: Counter({np.float64(0.0): 3060, np.float64(1.0): 3060})
[ 2026-06-15 22:36:51,449] 67 root - INFO - Upsampling the minority class data completed
[ 2026-06-15 22:36:51,449] 116 root - INFO - Training candidate models: ['Random Forest', 'AdaBoost', 'XGBoost']
[ 2026-06-15 22:36:51,450] 99 root - INFO - Grid Search started for RandomForestClassifier()
[ 2026-06-15 22:36:55,994] 103 root - INFO - Grid Search completed for RandomForestClassifier()
[ 2026-06-15 22:36:55,995] 106 root - INFO - Best parameters: {'n_estimators': 100} for RandomForestClassifier()
[ 2026-06-15 22:36:56,470] 116 root - INFO - Obtaining evaluation metrics for RandomForestClassifier() by using best hyperparameters
[ 2026-06-15 22:36:56,478] 99 root - INFO - Grid Search started for AdaBoostClassifier()
[ 2026-06-15 22:36:59,339] 103 root - INFO - Grid Search completed for AdaBoostClassifier()
[ 2026-06-15 22:36:59,339] 106 root - INFO - Best parameters: {'learning_rate': 1.0, 'n_estimators': 200} for AdaBoostClassifier()
[ 2026-06-15 22:36:59,846] 116 root - INFO - Obtaining evaluation metrics for AdaBoostClassifier(n_estimators=200) by using best hyperparameters
[ 2026-06-15 22:36:59,853] 99 root - INFO - Grid Search started for XGBClassifier(base_score=None, booster=None, callbacks=None,
              colsample_bylevel=None, colsample_bynode=None,
              colsample_bytree=None, device=None, early_stopping_rounds=None,
              enable_categorical=False, eval_metric=None, feature_types=None,
              feature_weights=None, gamma=None, grow_policy=None,
              importance_type=None, interaction_constraints=None,
              learning_rate=None, max_bin=None, max_cat_threshold=None,
              max_cat_to_onehot=None, max_delta_step=None, max_depth=None,
              max_leaves=None, min_child_weight=None, missing=nan,
              monotone_constraints=None, multi_strategy=None, n_estimators=None,
              n_jobs=None, num_parallel_tree=None, ...)
[ 2026-06-15 22:37:00,544] 103 root - INFO - Grid Search completed for XGBClassifier(base_score=None, booster=None, callbacks=None,
              colsample_bylevel=None, colsample_bynode=None,
              colsample_bytree=None, device=None, early_stopping_rounds=None,
              enable_categorical=False, eval_metric=None, feature_types=None,
              feature_weights=None, gamma=None, grow_policy=None,
              importance_type=None, interaction_constraints=None,
              learning_rate=None, max_bin=None, max_cat_threshold=None,
              max_cat_to_onehot=None, max_delta_step=None, max_depth=None,
              max_leaves=None, min_child_weight=None, missing=nan,
              monotone_constraints=None, multi_strategy=None, n_estimators=None,
              n_jobs=None, num_parallel_tree=None, ...)
[ 2026-06-15 22:37:00,544] 106 root - INFO - Best parameters: {'learning_rate': 0.1, 'n_estimators': 200} for XGBClassifier(base_score=None, booster=None, callbacks=None,
              colsample_bylevel=None, colsample_bynode=None,
              colsample_bytree=None, device=None, early_stopping_rounds=None,
              enable_categorical=False, eval_metric=None, feature_types=None,
              feature_weights=None, gamma=None, grow_policy=None,
              importance_type=None, interaction_constraints=None,
              learning_rate=None, max_bin=None, max_cat_threshold=None,
              max_cat_to_onehot=None, max_delta_step=None, max_depth=None,
              max_leaves=None, min_child_weight=None, missing=nan,
              monotone_constraints=None, multi_strategy=None, n_estimators=None,
              n_jobs=None, num_parallel_tree=None, ...)
[ 2026-06-15 22:37:00,788] 116 root - INFO - Obtaining evaluation metrics for XGBClassifier(base_score=None, booster=None, callbacks=None,
              colsample_bylevel=None, colsample_bynode=None,
              colsample_bytree=None, device=None, early_stopping_rounds=None,
              enable_categorical=False, eval_metric=None, feature_types=None,
              feature_weights=None, gamma=None, grow_policy=None,
              importance_type=None, interaction_constraints=None,
              learning_rate=0.1, max_bin=None, max_cat_threshold=None,
              max_cat_to_onehot=None, max_delta_step=None, max_depth=None,
              max_leaves=None, min_child_weight=None, missing=nan,
              monotone_constraints=None, multi_strategy=None, n_estimators=200,
              n_jobs=None, num_parallel_tree=None, ...) by using best hyperparameters
[ 2026-06-15 22:37:00,793] 137 root - INFO - 
 Metrics calculation on Train Data: 
{'Random Forest': [{'Precision': 1.0, 'Recall': 1.0, 'F1 score': 1.0, 'Confusion Matrix': array([[3060,    0],
       [   0, 3060]])}], 'AdaBoost': [{'Precision': 0.826653263701995, 'Recall': 0.8197712418300653, 'F1 score': 0.8203935523351572, 'Confusion Matrix': array([[2329,  372],
       [ 731, 2688]])}], 'XGBoost': [{'Precision': 0.9809597270280662, 'Recall': 0.9802287581699346, 'F1 score': 0.9802359868929524, 'Confusion Matrix': array([[3058,  119],
       [   2, 2941]])}]}
[ 2026-06-15 22:37:00,793] 139 root - INFO - 
 Metrics calculation on Test Data: 
{'Random Forest': [{'Precision': 0.909301948051948, 'Recall': 0.9025, 'F1 score': 0.9058743854236961, 'Confusion Matrix': array([[720,  42],
       [ 36,   2]])}], 'AdaBoost': [{'Precision': 0.6793195346320345, 'Recall': 0.76625, 'F1 score': 0.7093481510621558, 'Confusion Matrix': array([[604,  35],
       [152,   9]])}], 'XGBoost': [{'Precision': 0.9974289021164021, 'Recall': 0.94375, 'F1 score': 0.969847266881029, 'Confusion Matrix': array([[755,  44],
       [  1,   0]])}]}
[ 2026-06-15 22:37:00,793] 141 root - INFO - Model metrics on Test Data: {'Random Forest': {'Precision': 0.909301948051948, 'Recall': 0.9025, 'F1 score': 0.9058743854236961}, 'AdaBoost': {'Precision': 0.6793195346320345, 'Recall': 0.76625, 'F1 score': 0.7093481510621558}, 'XGBoost': {'Precision': 0.9974289021164021, 'Recall': 0.94375, 'F1 score': 0.969847266881029}}
[ 2026-06-15 22:37:00,793] 142 root - INFO - Selecting best model using metric: Recall
[ 2026-06-15 22:37:00,793] 148 root - INFO - Models with 'Recall' score: {'Random Forest': 0.9025, 'AdaBoost': 0.76625, 'XGBoost': 0.94375}
[ 2026-06-15 22:37:00,793] 155 root - INFO - Best Model: XGBoost with Recall score: 0.94375
[ 2026-06-15 22:37:00,795] 108 root - INFO - Artifact saved: /Users/pkcha/AML-Fraud-Detection/artifacts/model.pkl
[ 2026-06-15 22:37:00,796] 186 root - INFO - Model Training completed
[ 2026-06-15 22:37:00,796] 187 root - INFO - Final Recall score for XGBoost: 0.94375
[ 2026-06-15 22:37:00,797] 130 root - INFO - Model training done: best='XGBoost (XGBoost)', Recall=0.9437
[ 2026-06-15 22:37:00,798] 95 root - INFO - Artifact saved: /Users/pkcha/AML-Fraud-Detection/artifacts/model_metadata.json
[ 2026-06-15 22:37:00,798] 143 root - INFO - Model metadata saved to: model_metadata.json (version=10002)
[ 2026-06-15 22:37:00,798] 95 root - INFO - Artifact saved: /Users/pkcha/AML-Fraud-Detection/artifacts/training_summary.json
[ 2026-06-15 22:37:00,799] 95 root - INFO - Artifact saved: /Users/pkcha/AML-Fraud-Detection/artifacts/artifact_manifest.json
[ 2026-06-15 22:37:00,799] 156 root - INFO - Artifact manifest saved to: artifact_manifest.json
[ 2026-06-15 22:37:00,799] 158 root - INFO - ========================================================================
[ 2026-06-15 22:37:00,799] 159 root - INFO - Training pipeline completed successfully
[ 2026-06-15 22:37:00,799] 160 root - INFO - ========================================================================
