[ 2026-06-16 23:15:06,962] 164 numexpr.utils - INFO - NumExpr defaulting to 10 threads.
[ 2026-06-16 23:15:09,492] 28 root - INFO - ========================================================================
[ 2026-06-16 23:15:09,492] 29 root - INFO - AML Fraud Detection - Training pipeline started
[ 2026-06-16 23:15:09,492] 30 root - INFO - ========================================================================
[ 2026-06-16 23:15:09,493] 164 root - INFO - Loading training config (source=env): /Users/pkcha/AML-Fraud-Detection/config/training_config_smoke.yaml
[ 2026-06-16 23:15:09,494] 191 root - INFO - Training config loaded and validated successfully
[ 2026-06-16 23:15:09,494] 192 root - INFO - Resolved config signature: data_source=/Users/pkcha/AML-Fraud-Detection/notebook/data/HI-Small_Trans.csv, target=is_laundering, metric=Recall, output=artifacts_smoketest
[ 2026-06-16 23:15:09,494] 45 root - INFO - Training config loaded (source=env): /Users/pkcha/AML-Fraud-Detection/config/training_config_smoke.yaml
[ 2026-06-16 23:15:09,494] 38 root - INFO - [StageTracker] Stage 'DataIngestion' started at 2026-06-16T23:15:09.494459
[ 2026-06-16 23:15:09,494] 36 root - INFO - DataIngestion initialized with resolved config: source=/Users/pkcha/AML-Fraud-Detection/notebook/data/HI-Small_Trans.csv, sample_size=2000, test_size=0.25
[ 2026-06-16 23:15:09,494] 44 root - INFO - Entered the 'data ingestion' method or component
[ 2026-06-16 23:15:09,494] 47 root - INFO - CSV File Path: /Users/pkcha/AML-Fraud-Detection/notebook/data/HI-Small_Trans.csv
[ 2026-06-16 23:15:09,494] 50 root - INFO - File found: /Users/pkcha/AML-Fraud-Detection/notebook/data/HI-Small_Trans.csv
[ 2026-06-16 23:15:09,509] 67 root - INFO - Read the dataset as DataFrame, shape=(4000, 11)
[ 2026-06-16 23:15:09,510] 82 root - INFO - Sampled 2000 rows from dataset of 4000 rows
[ 2026-06-16 23:15:09,516] 93 root - INFO - Train Test split initiated
[ 2026-06-16 23:15:09,522] 101 root - INFO - Ingestion completed: train=1500, test=500
[ 2026-06-16 23:15:09,522] 50 root - INFO - [StageTracker] Stage 'DataIngestion' completed in 0.028s
[ 2026-06-16 23:15:09,522] 80 root - INFO - Data ingestion done: total=2000, train≈1500, test≈500
[ 2026-06-16 23:15:09,522] 38 root - INFO - [StageTracker] Stage 'DataValidation' started at 2026-06-16T23:15:09.522733
[ 2026-06-16 23:15:09,522] 29 root - INFO - DataValidation initialized
[ 2026-06-16 23:15:09,522] 34 root - INFO - Entered the 'data validation' method or component
[ 2026-06-16 23:15:09,527] 75 root - ERROR - [StageTracker] Stage 'DataValidation' failed after 0.004s: [E9999] 内部错误: [E1003] 数据缺少必需列: is_laundering, is_laundering
[ 2026-06-16 23:15:09,527] 198 root - ERROR - Training pipeline failed: [E9999] 内部错误: [E1003] 数据缺少必需列: is_laundering, is_laundering
Traceback (most recent call last):
  File "/Users/pkcha/AML-Fraud-Detection/aml_fraud_detector/components/data_validation.py", line 64, in initiate_data_validation
    raise DataQualityException(
    ...<3 lines>...
    )
aml_fraud_detector.exception.DataQualityException: [E1003] 数据缺少必需列: is_laundering, is_laundering

During handling of the above exception, another exception occurred:

Traceback (most recent call last):
  File "/Users/pkcha/AML-Fraud-Detection/aml_fraud_detector/pipeline/training_pipeline.py", line 98, in run_training_pipeline
    data_validation.initiate_data_validation(train_data_path, test_data_path)
    ~~~~~~~~~~~~~~~~~~~~~~~~~~~~~~~~~~~~~~~~^^^^^^^^^^^^^^^^^^^^^^^^^^^^^^^^^
  File "/Users/pkcha/AML-Fraud-Detection/aml_fraud_detector/components/data_validation.py", line 83, in initiate_data_validation
    raise CustomerException(e, sys)
aml_fraud_detector.exception.CustomerException: [E9999] 内部错误: [E1003] 数据缺少必需列: is_laundering, is_laundering
[ 2026-06-16 23:15:09,529] 38 root - INFO - Training summary saved to: /Users/pkcha/AML-Fraud-Detection/artifacts_smoketest/training_summary.json
