[ 2026-06-17 09:52:04,861] 531 root - INFO - ========================================================================
[ 2026-06-17 09:52:04,861] 532 root - INFO - ConfigService - Configuration loaded
[ 2026-06-17 09:52:04,861] 533 root - INFO - ========================================================================
[ 2026-06-17 09:52:04,861] 534 root - INFO -   Profile            : local
[ 2026-06-17 09:52:04,861] 535 root - INFO -   Project root       : /Users/pkcha/AML-Fraud-Detection
[ 2026-06-17 09:52:04,861] 536 root - INFO -   Config path source : profile_file:app_config.yaml
[ 2026-06-17 09:52:04,861] 538 root - INFO -   Config file        : /Users/pkcha/AML-Fraud-Detection/config/app_config.yaml
[ 2026-06-17 09:52:04,861] 539 root - INFO -   YAML sources loaded: 1
[ 2026-06-17 09:52:04,861] 540 root - INFO -   Env overrides      : 0
[ 2026-06-17 09:52:04,861] 543 root - INFO - ========================================================================
[ 2026-06-17 09:52:04,862] 636 root - INFO - Effective config exported (sanitized) to: /Users/pkcha/AML-Fraud-Detection/logs/effective_config_local_20260617_095204_sanitized.json
[ 2026-06-17 09:52:04,867] 531 root - INFO - ========================================================================
[ 2026-06-17 09:52:04,867] 532 root - INFO - ConfigService - Configuration loaded
[ 2026-06-17 09:52:04,867] 533 root - INFO - ========================================================================
[ 2026-06-17 09:52:04,867] 534 root - INFO -   Profile            : local
[ 2026-06-17 09:52:04,867] 535 root - INFO -   Project root       : /Users/pkcha/AML-Fraud-Detection
[ 2026-06-17 09:52:04,867] 536 root - INFO -   Config path source : profile_file:app_config.yaml
[ 2026-06-17 09:52:04,867] 538 root - INFO -   Config file        : /Users/pkcha/AML-Fraud-Detection/config/app_config.yaml
[ 2026-06-17 09:52:04,867] 539 root - INFO -   YAML sources loaded: 1
[ 2026-06-17 09:52:04,867] 540 root - INFO -   Env overrides      : 0
[ 2026-06-17 09:52:04,867] 543 root - INFO - ========================================================================
[ 2026-06-17 09:52:04,867] 260 root - INFO - Training config loaded via ConfigService (profile=local, source=profile_file:app_config.yaml)
[ 2026-06-17 09:52:04,867] 265 root - INFO - Resolved config signature: data_source=/Users/pkcha/AML-Fraud-Detection/notebook/data/HI-Small_Trans.csv, target=is_laundering, metric=Recall, output=/Users/pkcha/AML-Fraud-Detection/artifacts
[ 2026-06-17 09:52:07,648] 531 root - INFO - ========================================================================
[ 2026-06-17 09:52:07,648] 532 root - INFO - ConfigService - Configuration loaded
[ 2026-06-17 09:52:07,648] 533 root - INFO - ========================================================================
[ 2026-06-17 09:52:07,648] 534 root - INFO -   Profile            : local
[ 2026-06-17 09:52:07,648] 535 root - INFO -   Project root       : /Users/pkcha/AML-Fraud-Detection
[ 2026-06-17 09:52:07,648] 536 root - INFO -   Config path source : profile_file:app_config.yaml
[ 2026-06-17 09:52:07,648] 538 root - INFO -   Config file        : /Users/pkcha/AML-Fraud-Detection/config/app_config.yaml
[ 2026-06-17 09:52:07,648] 539 root - INFO -   YAML sources loaded: 1
[ 2026-06-17 09:52:07,648] 540 root - INFO -   Env overrides      : 0
[ 2026-06-17 09:52:07,648] 543 root - INFO - ========================================================================
[ 2026-06-17 09:52:07,648] 113 root - INFO - PredictionPipeline initialized: artifacts_dir=/Users/pkcha/AML-Fraud-Detection/artifacts, lazy_load=True, ConfigService=yes
[ 2026-06-17 09:52:07,651] 410 root - INFO - Env override: env = 'local' -> 'staging' (from AML_ENV)
[ 2026-06-17 09:52:07,651] 410 root - INFO - Env override: training.data.sample_size = 50000 -> 100 (from AML_TRAIN_DATA_SAMPLE_SIZE)
[ 2026-06-17 09:52:07,651] 410 root - INFO - Env override: prediction.default_artifacts_dir = 'artifacts' -> '/tmp/aml_test_artifacts' (from AML_PREDICT_ARTIFACTS_DIR)
[ 2026-06-17 09:52:07,651] 410 root - INFO - Env override: server.flask_port = 8080 -> 9999 (from AML_SERVER_PORT)
[ 2026-06-17 09:52:07,651] 531 root - INFO - ========================================================================
[ 2026-06-17 09:52:07,651] 532 root - INFO - ConfigService - Configuration loaded
[ 2026-06-17 09:52:07,651] 533 root - INFO - ========================================================================
[ 2026-06-17 09:52:07,651] 534 root - INFO -   Profile            : staging
[ 2026-06-17 09:52:07,651] 535 root - INFO -   Project root       : /Users/pkcha/AML-Fraud-Detection
[ 2026-06-17 09:52:07,651] 536 root - INFO -   Config path source : profile_file:app_config.yaml
[ 2026-06-17 09:52:07,651] 538 root - INFO -   Config file        : /Users/pkcha/AML-Fraud-Detection/config/app_config.yaml
[ 2026-06-17 09:52:07,651] 539 root - INFO -   YAML sources loaded: 1
[ 2026-06-17 09:52:07,652] 540 root - INFO -   Env overrides      : 4
[ 2026-06-17 09:52:07,652] 542 root - INFO -     - env (from AML_ENV)
[ 2026-06-17 09:52:07,652] 542 root - INFO -     - training.data.sample_size (from AML_TRAIN_DATA_SAMPLE_SIZE)
[ 2026-06-17 09:52:07,652] 542 root - INFO -     - prediction.default_artifacts_dir (from AML_PREDICT_ARTIFACTS_DIR)
[ 2026-06-17 09:52:07,652] 542 root - INFO -     - server.flask_port (from AML_SERVER_PORT)
[ 2026-06-17 09:52:07,652] 543 root - INFO - ========================================================================
[ 2026-06-17 09:52:07,653] 531 root - INFO - ========================================================================
[ 2026-06-17 09:52:07,653] 532 root - INFO - ConfigService - Configuration loaded
[ 2026-06-17 09:52:07,653] 533 root - INFO - ========================================================================
[ 2026-06-17 09:52:07,653] 534 root - INFO -   Profile            : smoke
[ 2026-06-17 09:52:07,653] 535 root - INFO -   Project root       : /Users/pkcha/AML-Fraud-Detection
[ 2026-06-17 09:52:07,653] 536 root - INFO -   Config path source : profile_file:app_config.smoke.yaml
[ 2026-06-17 09:52:07,653] 538 root - INFO -   Config file        : /Users/pkcha/AML-Fraud-Detection/config/app_config.smoke.yaml
[ 2026-06-17 09:52:07,653] 539 root - INFO -   YAML sources loaded: 1
[ 2026-06-17 09:52:07,653] 540 root - INFO -   Env overrides      : 0
[ 2026-06-17 09:52:07,653] 543 root - INFO - ========================================================================
