[ 2026-06-15 22:48:10,758] 164 numexpr.utils - INFO - NumExpr defaulting to 10 threads.
[ 2026-06-15 22:48:31,393] 33 root - INFO - ========================================================================
[ 2026-06-15 22:48:31,397] 34 root - INFO - AML Fraud Detection - Training pipeline started
[ 2026-06-15 22:48:31,397] 35 root - INFO - ========================================================================
[ 2026-06-15 22:48:31,397] 162 root - INFO - Loading training config (source=default_file): /Users/pkcha/AML-Fraud-Detection/config/training_config.yaml
[ 2026-06-15 22:48:31,407] 189 root - INFO - Training config loaded and validated successfully
[ 2026-06-15 22:48:31,407] 190 root - INFO - Resolved config signature: data_source=/Users/pkcha/AML-Fraud-Detection/notebook/data/HI-Small_Trans.csv, target=is_laundering, metric=Recall, output=artifacts
[ 2026-06-15 22:48:31,407] 39 root - INFO - Training config loaded (source=default_file): /Users/pkcha/AML-Fraud-Detection/config/training_config.yaml
[ 2026-06-15 22:48:31,407] 46 root - INFO - ArtifactRegistry initialized: artifacts_dir=/Users/pkcha/AML-Fraud-Detection/artifacts
[ 2026-06-15 22:48:31,407] 37 root - INFO - DataIngestion initialized with resolved config: source=/Users/pkcha/AML-Fraud-Detection/notebook/data/HI-Small_Trans.csv, sample_size=50000, test_size=0.2
[ 2026-06-15 22:48:31,407] 45 root - INFO - Entered the 'data ingestion' method or component
[ 2026-06-15 22:48:31,407] 48 root - INFO - CSV File Path: /Users/pkcha/AML-Fraud-Detection/notebook/data/HI-Small_Trans.csv
[ 2026-06-15 22:48:31,407] 51 root - INFO - File found: /Users/pkcha/AML-Fraud-Detection/notebook/data/HI-Small_Trans.csv
[ 2026-06-15 22:48:31,493] 58 root - INFO - Read the dataset as DataFrame, shape=(4000, 11)
[ 2026-06-15 22:48:31,493] 69 root - INFO - Using full dataset (no sampling applied)
[ 2026-06-15 22:48:31,535] 93 root - INFO - Train Test split initiated
[ 2026-06-15 22:48:31,614] 106 root - INFO - Ingestion completed: train=3200, test=800
[ 2026-06-15 22:48:31,614] 66 root - INFO - Data ingestion done: total=4000, train≈3200, test≈800
[ 2026-06-15 22:48:31,615] 58 root - INFO - DataValidation initialized: target=is_laundering, report_out=data_quality_report.json, critical_features=['account', 'account_1', 'amount_received', 'payment_format']
[ 2026-06-15 22:48:31,615] 315 root - INFO - Starting data validation
[ 2026-06-15 22:48:31,623] 95 root - INFO - Artifact saved: /Users/pkcha/AML-Fraud-Detection/artifacts/data_quality_report.json
[ 2026-06-15 22:48:31,623] 358 root - INFO - Data quality report saved to: /Users/pkcha/AML-Fraud-Detection/artifacts/data_quality_report.json
[ 2026-06-15 22:48:31,623] 85 root - INFO - Data validation passed
[ 2026-06-15 22:48:31,623] 86 root - INFO - Data quality report saved: /Users/pkcha/AML-Fraud-Detection/artifacts/data_quality_report.json
[ 2026-06-15 22:48:31,628] 51 root - INFO - DataTransformation initialized with resolved config: target=is_laundering, drop=['timestamp', 'date', 'time', 'amount_paid', 'receiving_currency', 'payment_currency', 'from_bank', 'to_bank'], preprocessor_out=/Users/pkcha/AML-Fraud-Detection/artifacts/preprocessor.pkl
[ 2026-06-15 22:48:31,629] 102 root - INFO - 
Entered the 'data transformation' method or component
[ 2026-06-15 22:48:31,952] 106 root - INFO - Reading train and test data completed
[ 2026-06-15 22:48:31,970] 110 root - INFO - Train and Test dataframe columns name renamed
[ 2026-06-15 22:48:31,977] 112 root - INFO - Train Dataframe Head : 
             timestamp  from_bank    account  to_bank   account_1  amount_received receiving_currency  amount_paid payment_currency payment_format  is_laundering
0  2022-01-03 18:34:00         32  ACC_00106       14  ACC2_00036           267.67               Euro       261.84             Euro    Credit Card              0
1  2022-01-01 07:03:00         25  ACC_00037       24  ACC2_00112           729.82          US Dollar       978.24             Euro           Wire              0
2  2022-01-03 01:51:00         48  ACC_00186       39  ACC2_00019          1017.43               Euro      2712.50        US Dollar           Wire              0
3  2022-01-01 20:21:00         26  ACC_00019       25  ACC2_00014           250.11               Euro      1143.71             Euro   Reinvestment              0
4  2022-01-01 08:26:00         34  ACC_00056       22  ACC2_00069           254.59               Yuan        46.16             Yuan    Credit Card              0
[ 2026-06-15 22:48:31,993] 113 root - INFO - Test Dataframe Head : 
             timestamp  from_bank    account  to_bank   account_1  amount_received receiving_currency  amount_paid payment_currency payment_format  is_laundering
0  2022-01-01 09:15:00         22  ACC_00022       20  ACC2_00159           233.61          US Dollar       143.49             Yuan   Reinvestment              0
1  2022-01-03 10:11:00         44  ACC_00015       39  ACC2_00152          1591.77          US Dollar       352.36             Yuan    Credit Card              1
2  2022-01-01 08:47:00         22  ACC_00022       45  ACC2_00080           244.32          US Dollar       339.44             Yuan         Cheque              0
3  2022-01-03 17:25:00         48  ACC_00054       13  ACC2_00014          2122.75          US Dollar      1505.48             Yuan    Credit Card              0
4  2022-01-03 01:49:00         42  ACC_00139       34  ACC2_00036          1130.61          US Dollar        11.77             Yuan            ACH              0
[ 2026-06-15 22:48:32,055] 151 root - INFO - Columns name of numerical features: ['amount_received']
[ 2026-06-15 22:48:32,056] 153 root - INFO - Columns name of categorical features: ['account', 'account_1', 'payment_format', 'day']
[ 2026-06-15 22:48:32,056] 156 root - INFO - Obtaining preprocessing object
[ 2026-06-15 22:48:32,057] 93 root - INFO - Preprocessed both numerical and categorical columns
[ 2026-06-15 22:48:32,057] 161 root - INFO - Applying preprocessing object on training and testing datasets.
[ 2026-06-15 22:48:32,225] 108 root - INFO - Artifact saved: /Users/pkcha/AML-Fraud-Detection/artifacts/preprocessor.pkl
[ 2026-06-15 22:48:32,226] 186 root - INFO - Saved data preprocessing object
[ 2026-06-15 22:48:32,226] 102 root - INFO - Data transformation done: 5 features (1 num, 4 cat)
[ 2026-06-15 22:48:32,228] 95 root - INFO - Artifact saved: /Users/pkcha/AML-Fraud-Detection/artifacts/feature_metadata.json
[ 2026-06-15 22:48:32,228] 388 root - INFO - Feature metadata saved to: /Users/pkcha/AML-Fraud-Detection/artifacts/feature_metadata.json
[ 2026-06-15 22:48:32,230] 61 root - INFO - ModelTrainer initialized with resolved config: enabled=['Random Forest', 'AdaBoost', 'XGBoost'], metric=Recall, model_out=/Users/pkcha/AML-Fraud-Detection/artifacts/model.pkl
[ 2026-06-15 22:48:32,230] 92 root - INFO - Get Independent features and Dependent feature from Train and Test datasets
[ 2026-06-15 22:48:32,230] 100 root - INFO - Imbalance dataset - upsampling the train data
[ 2026-06-15 22:48:32,231] 64 root - INFO - Before SMOTE: Counter({np.float64(0.0): 3060, np.float64(1.0): 140})
[ 2026-06-15 22:48:32,255] 66 root - INFO - After SMOTE: Counter({np.float64(0.0): 3060, np.float64(1.0): 3060})
[ 2026-06-15 22:48:32,255] 67 root - INFO - Upsampling the minority class data completed
[ 2026-06-15 22:48:32,256] 116 root - INFO - Training candidate models: ['Random Forest', 'AdaBoost', 'XGBoost']
[ 2026-06-15 22:48:32,260] 99 root - INFO - Grid Search started for RandomForestClassifier()
[ 2026-06-15 22:49:12,321] 103 root - INFO - Grid Search completed for RandomForestClassifier()
[ 2026-06-15 22:49:12,335] 106 root - INFO - Best parameters: {'n_estimators': 200} for RandomForestClassifier()
[ 2026-06-15 22:49:21,471] 116 root - INFO - Obtaining evaluation metrics for RandomForestClassifier(n_estimators=200) by using best hyperparameters
[ 2026-06-15 22:49:21,666] 99 root - INFO - Grid Search started for AdaBoostClassifier()
