[ 2026-06-16 23:18:50,026] 164 numexpr.utils - INFO - NumExpr defaulting to 10 threads.
[ 2026-06-16 23:18:51,699] 28 root - INFO - ========================================================================
[ 2026-06-16 23:18:51,699] 29 root - INFO - AML Fraud Detection - Training pipeline started
[ 2026-06-16 23:18:51,699] 30 root - INFO - ========================================================================
[ 2026-06-16 23:18:51,699] 164 root - INFO - Loading training config (source=env): /Users/pkcha/AML-Fraud-Detection/config/training_config_smoke.yaml
[ 2026-06-16 23:18:51,700] 191 root - INFO - Training config loaded and validated successfully
[ 2026-06-16 23:18:51,700] 192 root - INFO - Resolved config signature: data_source=/Users/pkcha/AML-Fraud-Detection/notebook/data/HI-Small_Trans.csv, target=is_laundering, metric=Recall, output=artifacts_smoketest
[ 2026-06-16 23:18:51,700] 45 root - INFO - Training config loaded (source=env): /Users/pkcha/AML-Fraud-Detection/config/training_config_smoke.yaml
[ 2026-06-16 23:18:51,700] 38 root - INFO - [StageTracker] Stage 'DataIngestion' started at 2026-06-16T23:18:51.700664
[ 2026-06-16 23:18:51,700] 36 root - INFO - DataIngestion initialized with resolved config: source=/Users/pkcha/AML-Fraud-Detection/notebook/data/HI-Small_Trans.csv, sample_size=2000, test_size=0.25
[ 2026-06-16 23:18:51,700] 44 root - INFO - Entered the 'data ingestion' method or component
[ 2026-06-16 23:18:51,700] 47 root - INFO - CSV File Path: /Users/pkcha/AML-Fraud-Detection/notebook/data/HI-Small_Trans.csv
[ 2026-06-16 23:18:51,700] 50 root - INFO - File found: /Users/pkcha/AML-Fraud-Detection/notebook/data/HI-Small_Trans.csv
[ 2026-06-16 23:18:51,711] 67 root - INFO - Read the dataset as DataFrame, shape=(4000, 11)
[ 2026-06-16 23:18:51,711] 82 root - INFO - Sampled 2000 rows from dataset of 4000 rows
[ 2026-06-16 23:18:51,715] 93 root - INFO - Train Test split initiated
[ 2026-06-16 23:18:51,719] 101 root - INFO - Ingestion completed: train=1500, test=500
[ 2026-06-16 23:18:51,719] 50 root - INFO - [StageTracker] Stage 'DataIngestion' completed in 0.019s
[ 2026-06-16 23:18:51,719] 80 root - INFO - Data ingestion done: total=2000, train≈1500, test≈500
[ 2026-06-16 23:18:51,719] 38 root - INFO - [StageTracker] Stage 'DataValidation' started at 2026-06-16T23:18:51.719849
[ 2026-06-16 23:18:51,719] 29 root - INFO - DataValidation initialized
[ 2026-06-16 23:18:51,719] 34 root - INFO - Entered the 'data validation' method or component
[ 2026-06-16 23:18:51,724] 71 root - INFO - Data validation passed: missing_columns=[], null_report={}
[ 2026-06-16 23:18:51,724] 50 root - INFO - [StageTracker] Stage 'DataValidation' completed in 0.004s
[ 2026-06-16 23:18:51,724] 100 root - INFO - Data validation done
[ 2026-06-16 23:18:51,724] 38 root - INFO - [StageTracker] Stage 'DataTransformation' started at 2026-06-16T23:18:51.724206
[ 2026-06-16 23:18:51,724] 51 root - INFO - DataTransformation initialized with resolved config: target=is_laundering, drop=['timestamp', 'date', 'time', 'amount_paid', 'receiving_currency', 'payment_currency', 'from_bank', 'to_bank'], preprocessor_out=/Users/pkcha/AML-Fraud-Detection/artifacts_smoketest/preprocessor.pkl
[ 2026-06-16 23:18:51,724] 102 root - INFO - 
Entered the 'data transformation' method or component
[ 2026-06-16 23:18:51,726] 114 root - INFO - Reading train and test data completed
[ 2026-06-16 23:18:51,726] 118 root - INFO - Train and Test dataframe columns name renamed
[ 2026-06-16 23:18:51,728] 130 root - INFO - Train Dataframe Head : 
             timestamp  from_bank    account  to_bank   account_1  amount_received receiving_currency  amount_paid payment_currency payment_format  is_laundering
0  2022-01-03 00:47:00         49  ACC_00190       32  ACC2_00051           990.12               Yuan      1874.18             Euro   Reinvestment              0
1  2022-01-01 14:53:00         17  ACC_00108       49  ACC2_00082           772.62               Euro      1604.26             Euro    Credit Card              0
2  2022-01-03 17:57:00         47  ACC_00047       26  ACC2_00015          1557.83          US Dollar       497.84             Yuan           Wire              0
3  2022-01-02 16:07:00         15  ACC_00079       14  ACC2_00094           114.88               Euro      1209.57             Yuan         Cheque              0
4  2022-01-03 13:54:00         28  ACC_00156       37  ACC2_00098          1018.97          US Dollar      1702.91        US Dollar    Credit Card              0
[ 2026-06-16 23:18:51,728] 131 root - INFO - Test Dataframe Head : 
             timestamp  from_bank    account  to_bank   account_1  amount_received receiving_currency  amount_paid payment_currency payment_format  is_laundering
0  2022-01-01 09:44:00         12  ACC_00144       43  ACC2_00081          1005.64          US Dollar       105.05             Yuan   Reinvestment              0
1  2022-01-01 02:14:00         45  ACC_00036       42  ACC2_00158          1728.51          US Dollar       452.29             Euro            ACH              0
2  2022-01-01 07:15:00         42  ACC_00008       45  ACC2_00033           208.12          US Dollar      1251.77        US Dollar           Wire              0
3  2022-01-02 23:47:00         17  ACC_00115       29  ACC2_00157          1716.02               Euro       867.95             Yuan         Cheque              0
4  2022-01-02 11:38:00         21  ACC_00089       46  ACC2_00053           204.90               Yuan      1419.39        US Dollar    Credit Card              0
[ 2026-06-16 23:18:51,731] 169 root - INFO - Columns name of numerical features: ['amount_received']
[ 2026-06-16 23:18:51,732] 171 root - INFO - Columns name of categorical features: ['account', 'account_1', 'payment_format', 'day']
[ 2026-06-16 23:18:51,732] 174 root - INFO - Obtaining preprocessing object
[ 2026-06-16 23:18:51,732] 93 root - INFO - Preprocessed both numerical and categorical columns
[ 2026-06-16 23:18:51,732] 179 root - INFO - Applying preprocessing object on training and testing datasets.
[ 2026-06-16 23:18:51,743] 52 root - INFO - Object saved to: artifacts_smoketest/preprocessor.pkl
[ 2026-06-16 23:18:51,744] 212 root - INFO - Saved data preprocessing object
[ 2026-06-16 23:18:51,744] 50 root - INFO - [StageTracker] Stage 'DataTransformation' completed in 0.020s
[ 2026-06-16 23:18:51,744] 123 root - INFO - Data transformation done: 5 features (1 num, 4 cat)
[ 2026-06-16 23:18:51,744] 38 root - INFO - [StageTracker] Stage 'ModelTrainer' started at 2026-06-16T23:18:51.744194
[ 2026-06-16 23:18:51,744] 61 root - INFO - ModelTrainer initialized with resolved config: enabled=['Random Forest', 'AdaBoost'], metric=Recall, model_out=/Users/pkcha/AML-Fraud-Detection/artifacts_smoketest/model.pkl
[ 2026-06-16 23:18:51,744] 96 root - INFO - Get Independent features and Dependent feature from Train and Test datasets
[ 2026-06-16 23:18:51,744] 104 root - INFO - Imbalance dataset - upsampling the train data
[ 2026-06-16 23:18:51,744] 86 root - INFO - Before SMOTE: Counter({np.float64(0.0): 1433, np.float64(1.0): 67})
[ 2026-06-16 23:18:51,745] 88 root - INFO - After SMOTE: Counter({np.float64(0.0): 1433, np.float64(1.0): 1433})
[ 2026-06-16 23:18:51,745] 89 root - INFO - Upsampling the minority class data completed
[ 2026-06-16 23:18:51,745] 120 root - INFO - Training candidate models: ['Random Forest', 'AdaBoost']
[ 2026-06-16 23:18:51,746] 121 root - INFO - Grid Search started for RandomForestClassifier()
[ 2026-06-16 23:18:53,641] 125 root - INFO - Grid Search completed for RandomForestClassifier()
[ 2026-06-16 23:18:53,641] 128 root - INFO - Best parameters: {'n_estimators': 50} for RandomForestClassifier()
[ 2026-06-16 23:18:53,757] 138 root - INFO - Obtaining evaluation metrics for RandomForestClassifier(n_estimators=50) by using best hyperparameters
[ 2026-06-16 23:18:53,763] 121 root - INFO - Grid Search started for AdaBoostClassifier()
[ 2026-06-16 23:18:54,803] 125 root - INFO - Grid Search completed for AdaBoostClassifier()
[ 2026-06-16 23:18:54,803] 128 root - INFO - Best parameters: {'learning_rate': 0.1, 'n_estimators': 50} for AdaBoostClassifier()
[ 2026-06-16 23:18:54,860] 138 root - INFO - Obtaining evaluation metrics for AdaBoostClassifier(learning_rate=0.1) by using best hyperparameters
[ 2026-06-16 23:18:54,864] 159 root - INFO - 
 Metrics calculation on Train Data: 
{'Random Forest': [{'Precision': 1.0, 'Recall': 1.0, 'F1 score': 1.0, 'Confusion Matrix': array([[1433,    0],
       [   0, 1433]])}], 'AdaBoost': [{'Precision': 0.8392297207338341, 'Recall': 0.5753663642707606, 'F1 score': 0.6399034828251919, 'Confusion Matrix': array([[ 304,   88],
       [1129, 1345]])}]}
[ 2026-06-16 23:18:54,864] 161 root - INFO - 
 Metrics calculation on Test Data: 
{'Random Forest': [{'Precision': 0.949838141025641, 'Recall': 0.914, 'F1 score': 0.9313000581733567, 'Confusion Matrix': array([[456,  31],
       [ 12,   1]])}], 'AdaBoost': [{'Precision': 0.5705448717948718, 'Recall': 0.38, 'F1 score': 0.2652092844274195, 'Confusion Matrix': array([[168,  10],
       [300,  22]])}]}
[ 2026-06-16 23:18:54,864] 145 root - INFO - Model metrics on Test Data: {'Random Forest': {'Precision': 0.949838141025641, 'Recall': 0.914, 'F1 score': 0.9313000581733567}, 'AdaBoost': {'Precision': 0.5705448717948718, 'Recall': 0.38, 'F1 score': 0.2652092844274195}}
[ 2026-06-16 23:18:54,864] 146 root - INFO - Selecting best model using metric: Recall
[ 2026-06-16 23:18:54,864] 152 root - INFO - Models with 'Recall' score: {'Random Forest': 0.914, 'AdaBoost': 0.38}
[ 2026-06-16 23:18:54,864] 159 root - INFO - Best Model: Random Forest with Recall score: 0.914
[ 2026-06-16 23:18:54,872] 52 root - INFO - Object saved to: artifacts_smoketest/model.pkl
[ 2026-06-16 23:18:54,875] 184 root - INFO - Model Training completed
[ 2026-06-16 23:18:54,875] 185 root - INFO - Final Recall score for Random Forest: 0.914
[ 2026-06-16 23:18:54,875] 50 root - INFO - [StageTracker] Stage 'ModelTrainer' completed in 3.132s
[ 2026-06-16 23:18:54,876] 148 root - INFO - Model training done: best='RandomForest (Random Forest)', Recall=0.9140
[ 2026-06-16 23:18:54,876] 38 root - INFO - [StageTracker] Stage 'ModelEvaluation' started at 2026-06-16T23:18:54.876044
[ 2026-06-16 23:18:54,876] 34 root - INFO - Model evaluation started
[ 2026-06-16 23:18:54,877] 69 root - INFO - Object loaded from: artifacts_smoketest/model.pkl
[ 2026-06-16 23:18:54,877] 46 root - INFO - model has register
[ 2026-06-16 23:18:55,147] 1270 git.cmd - DEBUG - Popen(['git', 'version'], cwd=/Users/pkcha/AML-Fraud-Detection, stdin=None, shell=False, universal_newlines=False)
[ 2026-06-16 23:18:55,166] 1270 git.cmd - DEBUG - Popen(['git', 'version'], cwd=/Users/pkcha/AML-Fraud-Detection, stdin=None, shell=False, universal_newlines=False)
[ 2026-06-16 23:18:55,181] 494 git.util - DEBUG - sys.platform='darwin', git_executable='git'
[ 2026-06-16 23:18:55,182] 1270 git.cmd - DEBUG - Popen(['git', 'check-ignore', '/Users/pkcha/AML-Fraud-Detection/aml_fraud_detector/pipeline'], cwd=/Users/pkcha/AML-Fraud-Detection, stdin=None, shell=False, universal_newlines=False)
[ 2026-06-16 23:18:55,199] 1270 git.cmd - DEBUG - Popen(['git', 'cat-file', '--batch-check'], cwd=/Users/pkcha/AML-Fraud-Detection, stdin=<valid stream>, shell=False, universal_newlines=False)
[ 2026-06-16 23:18:55,221] 1049 urllib3.connectionpool - DEBUG - Starting new HTTPS connection (1): config.mlflow-telemetry.io:443
[ 2026-06-16 23:18:55,962] 544 urllib3.connectionpool - DEBUG - https://config.mlflow-telemetry.io:443 "GET /3.12.0.json HTTP/1.1" 200 308
[ 2026-06-16 23:18:57,756] 75 root - ERROR - [StageTracker] Stage 'ModelEvaluation' failed after 2.880s: [E9999] 内部错误: [Errno 1] Operation not permitted: '/C:'
[ 2026-06-16 23:18:57,756] 168 root - WARNING - ModelEvaluation stage failed (non-fatal): [E9999] 内部错误: [Errno 1] Operation not permitted: '/C:'
[ 2026-06-16 23:18:57,756] 38 root - INFO - Training summary saved to: /Users/pkcha/AML-Fraud-Detection/artifacts_smoketest/training_summary.json
[ 2026-06-16 23:18:57,756] 179 root - INFO - ========================================================================
[ 2026-06-16 23:18:57,756] 180 root - INFO - Training pipeline completed successfully
[ 2026-06-16 23:18:57,756] 181 root - INFO - ========================================================================
