[ 2026-06-15 19:23:52,433] 156 root - INFO - Validating artifacts in: artifacts
[ 2026-06-15 19:23:52,444] 193 root - INFO - Artifact validation passed
[ 2026-06-15 19:23:52,444] 64 root - INFO - Loading model artifacts from disk: artifacts
[ 2026-06-15 19:23:52,444] 156 root - INFO - Validating artifacts in: artifacts
[ 2026-06-15 19:23:52,446] 193 root - INFO - Artifact validation passed
[ 2026-06-15 19:23:52,848] 93 root - INFO - Artifacts loaded successfully: model_type=XGBClassifier, preprocessor_type=ColumnTransformer, model_version=10001
[ 2026-06-15 19:23:52,848] 38 root - INFO - RiskExplainer bound to artifacts
[ 2026-06-15 19:23:52,849] 56 root - INFO - PredictionPipeline created (artifacts_dir=artifacts, validate=True)
[ 2026-06-15 19:23:52,849] 63 root - INFO - PredictionPipeline: initializing inference services
[ 2026-06-15 19:23:52,849] 64 root - INFO - Loading model artifacts from disk: artifacts
[ 2026-06-15 19:23:52,849] 156 root - INFO - Validating artifacts in: artifacts
[ 2026-06-15 19:23:52,851] 193 root - INFO - Artifact validation passed
[ 2026-06-15 19:23:52,857] 93 root - INFO - Artifacts loaded successfully: model_type=XGBClassifier, preprocessor_type=ColumnTransformer, model_version=10001
[ 2026-06-15 19:23:52,857] 34 root - INFO - SchemaAligner bound: numerical=['amount_received'], categorical=['account', 'account_1', 'payment_format', 'day']
[ 2026-06-15 19:23:52,857] 33 root - INFO - Predictor bound: model=XGBClassifier, preprocessor=ColumnTransformer, version=10001
[ 2026-06-15 19:23:52,857] 38 root - INFO - RiskExplainer bound to artifacts
[ 2026-06-15 19:23:52,857] 74 root - INFO - PredictionPipeline: all services ready, model_version=10001
[ 2026-06-15 19:23:52,862] 73 root - INFO - SchemaAligner: input cols=['from_bank', 'account', 'to_bank', 'account_1', 'amount_received', 'receiving_currency', 'payment_currency', 'payment_format', 'day'], output cols=['from_bank', 'account', 'to_bank', 'account_1', 'amount_received', 'receiving_currency', 'payment_currency', 'payment_format', 'day'], shape=(1, 9)
[ 2026-06-15 19:23:52,893] 57 root - INFO - Preprocessor transform: input_shape=(1, 9), output_shape=(1, 11)
[ 2026-06-15 19:23:52,898] 113 root - INFO - Prediction complete: n=1, fraud_count=0
[ 2026-06-15 19:23:52,899] 157 root - INFO - PredictionPipeline.predict_single: label=Not Fraud, fraud_prob=0.0033, status=success
[ 2026-06-15 19:23:52,901] 73 root - INFO - SchemaAligner: input cols=['from_bank', 'account', 'to_bank', 'account_1', 'amount_received', 'receiving_currency', 'payment_currency', 'payment_format', 'day'], output cols=['from_bank', 'account', 'to_bank', 'account_1', 'amount_received', 'receiving_currency', 'payment_currency', 'payment_format', 'day'], shape=(3, 9)
[ 2026-06-15 19:23:52,914] 57 root - INFO - Preprocessor transform: input_shape=(3, 9), output_shape=(3, 11)
[ 2026-06-15 19:23:52,918] 113 root - INFO - Prediction complete: n=3, fraud_count=0
[ 2026-06-15 19:23:52,921] 184 root - INFO - RiskExplainer generated 3 explanation(s)
[ 2026-06-15 19:23:52,922] 125 root - INFO - BatchAssembler: assembled 3 predictions, fraud=0, legit=3, fraud_rate=0.0000
[ 2026-06-15 19:23:52,922] 214 root - INFO - PredictionPipeline.predict_batch: n=3, fraud_rate=0.0000
[ 2026-06-15 19:23:52,925] 73 root - INFO - SchemaAligner: input cols=['from_bank', 'account', 'to_bank', 'account_1', 'amount_received', 'receiving_currency', 'payment_currency', 'payment_format', 'day'], output cols=['from_bank', 'account', 'to_bank', 'account_1', 'amount_received', 'receiving_currency', 'payment_currency', 'payment_format', 'day'], shape=(1, 9)
[ 2026-06-15 19:23:52,935] 57 root - INFO - Preprocessor transform: input_shape=(1, 9), output_shape=(1, 11)
[ 2026-06-15 19:23:52,940] 113 root - INFO - Prediction complete: n=1, fraud_count=0
[ 2026-06-15 19:23:52,940] 125 root - INFO - BatchAssembler: assembled 1 predictions, fraud=0, legit=1, fraud_rate=0.0000
[ 2026-06-15 19:23:52,940] 214 root - INFO - PredictionPipeline.predict_batch: n=1, fraud_rate=0.0000
[ 2026-06-15 19:23:52,941] 73 root - INFO - SchemaAligner: input cols=['from_bank', 'account', 'to_bank', 'account_1', 'amount_received', 'receiving_currency', 'payment_currency', 'payment_format', 'day'], output cols=['from_bank', 'account', 'to_bank', 'account_1', 'amount_received', 'receiving_currency', 'payment_currency', 'payment_format', 'day'], shape=(1, 9)
[ 2026-06-15 19:23:52,949] 57 root - INFO - Preprocessor transform: input_shape=(1, 9), output_shape=(1, 11)
[ 2026-06-15 19:23:52,950] 88 root - INFO - Probability produced shape=(1, 2)
[ 2026-06-15 19:23:52,951] 164 root - ERROR - PredictionPipeline.predict_single failed: Input dict missing required field: 'account'
